Archive member included to satisfy reference by file (symbol)

/Applications/STM32CubeIDE.app/Contents/Eclipse/plugins/com.st.stm32cube.ide.mcu.externaltools.gnu-tools-for-stm32.12.3.rel1.macos64_1.0.200.202406191456/tools/bin/../lib/gcc/arm-none-eabi/12.3.1/../../../../arm-none-eabi/lib/thumb/v7e-m+fp/hard/libc_nano.a(libc_a-exit.o)
                              /Applications/STM32CubeIDE.app/Contents/Eclipse/plugins/com.st.stm32cube.ide.mcu.externaltools.gnu-tools-for-stm32.12.3.rel1.macos64_1.0.200.202406191456/tools/bin/../lib/gcc/arm-none-eabi/12.3.1/../../../../arm-none-eabi/lib/thumb/v7e-m+fp/hard/crt0.o (exit)
/Applications/STM32CubeIDE.app/Contents/Eclipse/plugins/com.st.stm32cube.ide.mcu.externaltools.gnu-tools-for-stm32.12.3.rel1.macos64_1.0.200.202406191456/tools/bin/../lib/gcc/arm-none-eabi/12.3.1/../../../../arm-none-eabi/lib/thumb/v7e-m+fp/hard/libc_nano.a(libc_a-findfp.o)
                              /Applications/STM32CubeIDE.app/Contents/Eclipse/plugins/com.st.stm32cube.ide.mcu.externaltools.gnu-tools-for-stm32.12.3.rel1.macos64_1.0.200.202406191456/tools/bin/../lib/gcc/arm-none-eabi/12.3.1/../../../../arm-none-eabi/lib/thumb/v7e-m+fp/hard/libc_nano.a(libc_a-exit.o) (__stdio_exit_handler)
/Applications/STM32CubeIDE.app/Contents/Eclipse/plugins/com.st.stm32cube.ide.mcu.externaltools.gnu-tools-for-stm32.12.3.rel1.macos64_1.0.200.202406191456/tools/bin/../lib/gcc/arm-none-eabi/12.3.1/../../../../arm-none-eabi/lib/thumb/v7e-m+fp/hard/libc_nano.a(libc_a-fwalk.o)
                              /Applications/STM32CubeIDE.app/Contents/Eclipse/plugins/com.st.stm32cube.ide.mcu.externaltools.gnu-tools-for-stm32.12.3.rel1.macos64_1.0.200.202406191456/tools/bin/../lib/gcc/arm-none-eabi/12.3.1/../../../../arm-none-eabi/lib/thumb/v7e-m+fp/hard/libc_nano.a(libc_a-findfp.o) (_fwalk_sglue)
/Applications/STM32CubeIDE.app/Contents/Eclipse/plugins/com.st.stm32cube.ide.mcu.externaltools.gnu-tools-for-stm32.12.3.rel1.macos64_1.0.200.202406191456/tools/bin/../lib/gcc/arm-none-eabi/12.3.1/../../../../arm-none-eabi/lib/thumb/v7e-m+fp/hard/libc_nano.a(libc_a-printf.o)
                              ./Core/Src/main.o (printf)
/Applications/STM32CubeIDE.app/Contents/Eclipse/plugins/com.st.stm32cube.ide.mcu.externaltools.gnu-tools-for-stm32.12.3.rel1.macos64_1.0.200.202406191456/tools/bin/../lib/gcc/arm-none-eabi/12.3.1/../../../../arm-none-eabi/lib/thumb/v7e-m+fp/hard/libc_nano.a(libc_a-puts.o)
                              ./Core/Src/main.o (puts)
/Applications/STM32CubeIDE.app/Contents/Eclipse/plugins/com.st.stm32cube.ide.mcu.externaltools.gnu-tools-for-stm32.12.3.rel1.macos64_1.0.200.202406191456/tools/bin/../lib/gcc/arm-none-eabi/12.3.1/../../../../arm-none-eabi/lib/thumb/v7e-m+fp/hard/libc_nano.a(libc_a-memset.o)
                              /Applications/STM32CubeIDE.app/Contents/Eclipse/plugins/com.st.stm32cube.ide.mcu.externaltools.gnu-tools-for-stm32.12.3.rel1.macos64_1.0.200.202406191456/tools/bin/../lib/gcc/arm-none-eabi/12.3.1/../../../../arm-none-eabi/lib/thumb/v7e-m+fp/hard/crt0.o (memset)
/Applications/STM32CubeIDE.app/Contents/Eclipse/plugins/com.st.stm32cube.ide.mcu.externaltools.gnu-tools-for-stm32.12.3.rel1.macos64_1.0.200.202406191456/tools/bin/../lib/gcc/arm-none-eabi/12.3.1/../../../../arm-none-eabi/lib/thumb/v7e-m+fp/hard/libc_nano.a(libc_a-impure.o)
                              /Applications/STM32CubeIDE.app/Contents/Eclipse/plugins/com.st.stm32cube.ide.mcu.externaltools.gnu-tools-for-stm32.12.3.rel1.macos64_1.0.200.202406191456/tools/bin/../lib/gcc/arm-none-eabi/12.3.1/../../../../arm-none-eabi/lib/thumb/v7e-m+fp/hard/libc_nano.a(libc_a-printf.o) (_impure_ptr)
/Applications/STM32CubeIDE.app/Contents/Eclipse/plugins/com.st.stm32cube.ide.mcu.externaltools.gnu-tools-for-stm32.12.3.rel1.macos64_1.0.200.202406191456/tools/bin/../lib/gcc/arm-none-eabi/12.3.1/../../../../arm-none-eabi/lib/thumb/v7e-m+fp/hard/libc_nano.a(libc_a-errno.o)
                              ./Core/Src/syscalls.o (__errno)
/Applications/STM32CubeIDE.app/Contents/Eclipse/plugins/com.st.stm32cube.ide.mcu.externaltools.gnu-tools-for-stm32.12.3.rel1.macos64_1.0.200.202406191456/tools/bin/../lib/gcc/arm-none-eabi/12.3.1/../../../../arm-none-eabi/lib/thumb/v7e-m+fp/hard/libc_nano.a(libc_a-init.o)
                              /Applications/STM32CubeIDE.app/Contents/Eclipse/plugins/com.st.stm32cube.ide.mcu.externaltools.gnu-tools-for-stm32.12.3.rel1.macos64_1.0.200.202406191456/tools/bin/../lib/gcc/arm-none-eabi/12.3.1/../../../../arm-none-eabi/lib/thumb/v7e-m+fp/hard/crt0.o (__libc_init_array)
/Applications/STM32CubeIDE.app/Contents/Eclipse/plugins/com.st.stm32cube.ide.mcu.externaltools.gnu-tools-for-stm32.12.3.rel1.macos64_1.0.200.202406191456/tools/bin/../lib/gcc/arm-none-eabi/12.3.1/../../../../arm-none-eabi/lib/thumb/v7e-m+fp/hard/libc_nano.a(libc_a-lock.o)
[...]
Memory Configuration

Name             Origin             Length             Attributes
RAM              0x20000000         0x00020000         xrw
FLASH            0x08000000         0x00080000         xr
*default*        0x00000000         0xffffffff

Linker script and memory map

LOAD /Applications/STM32CubeIDE.app/Contents/Eclipse/plugins/com.st.stm32cube.ide.mcu.externaltools.gnu-tools-for-stm32.12.3.rel1.macos64_1.0.200.202406191456/tools/bin/../lib/gcc/arm-none-eabi/12.3.1/thumb/v7e-m+fp/hard/crti.o
LOAD /Applications/STM32CubeIDE.app/Contents/Eclipse/plugins/com.st.stm32cube.ide.mcu.externaltools.gnu-tools-for-stm32.12.3.rel1.macos64_1.0.200.202406191456/tools/bin/../lib/gcc/arm-none-eabi/12.3.1/thumb/v7e-m+fp/hard/crtbegin.o
LOAD /Applications/STM32CubeIDE.app/Contents/Eclipse/plugins/com.st.stm32cube.ide.mcu.externaltools.gnu-tools-for-stm32.12.3.rel1.macos64_1.0.200.202406191456/tools/bin/../lib/gcc/arm-none-eabi/12.3.1/../../../../arm-none-eabi/lib/thumb/v7e-m+fp/hard/crt0.o
LOAD ./Core/Src/can.o
LOAD ./Core/Src/gpio.o
LOAD ./Core/Src/i2c.o
LOAD ./Core/Src/main.o
LOAD ./Core/Src/stm32f4xx_hal_msp.o
LOAD ./Core/Src/stm32f4xx_it.o
LOAD ./Core/Src/syscalls.o
LOAD ./Core/Src/sysmem.o
LOAD ./Core/Src/system_stm32f4xx.o
LOAD ./Core/Src/usart.o
LOAD ./Core/Startup/startup_stm32f446retx.o
LOAD ./Drivers/STM32F4xx_HAL_Driver/Src/stm32f4xx_hal.o
LOAD ./Drivers/STM32F4xx_HAL_Driver/Src/stm32f4xx_hal_can.o
LOAD ./Drivers/STM32F4xx_HAL_Driver/Src/stm32f4xx_hal_cortex.o
LOAD ./Drivers/STM32F4xx_HAL_Driver/Src/stm32f4xx_hal_dma.o
LOAD ./Drivers/STM32F4xx_HAL_Driver/Src/stm32f4xx_hal_dma_ex.o
LOAD ./Drivers/STM32F4xx_HAL_Driver/Src/stm32f4xx_hal_exti.o
LOAD ./Drivers/STM32F4xx_HAL_Driver/Src/stm32f4xx_hal_flash.o
LOAD ./Drivers/STM32F4xx_HAL_Driver/Src/stm32f4xx_hal_flash_ex.o
LOAD ./Drivers/STM32F4xx_HAL_Driver/Src/stm32f4xx_hal_flash_ramfunc.o
LOAD ./Drivers/STM32F4xx_HAL_Driver/Src/stm32f4xx_hal_gpio.o
LOAD ./Drivers/STM32F4xx_HAL_Driver/Src/stm32f4xx_hal_i2c.o
LOAD ./Drivers/STM32F4xx_HAL_Driver/Src/stm32f4xx_hal_i2c_ex.o
LOAD ./Drivers/STM32F4xx_HAL_Driver/Src/stm32f4xx_hal_pwr.o
LOAD ./Drivers/STM32F4xx_HAL_Driver/Src/stm32f4xx_hal_pwr_ex.o
LOAD ./Drivers/STM32F4xx_HAL_Driver/Src/stm32f4xx_hal_rcc.o
LOAD ./Drivers/STM32F4xx_HAL_Driver/Src/stm32f4xx_hal_rcc_ex.o
LOAD ./Drivers/STM32F4xx_HAL_Driver/Src/stm32f4xx_hal_tim.o
LOAD ./Drivers/STM32F4xx_HAL_Driver/Src/stm32f4xx_hal_tim_ex.o
LOAD ./Drivers/STM32F4xx_HAL_Driver/Src/stm32f4xx_hal_uart.o
START GROUP
LOAD /Applications/STM32CubeIDE.app/Contents/Eclipse/plugins/com.st.stm32cube.ide.mcu.externaltools.gnu-tools-for-stm32.12.3.rel1.macos64_1.0.200.202406191456/tools/bin/../lib/gcc/arm-none-eabi/12.3.1/../../../../arm-none-eabi/lib/thumb/v7e-m+fp/hard/libc_nano.a
LOAD /Applications/STM32CubeIDE.app/Contents/Eclipse/plugins/com.st.stm32cube.ide.mcu.externaltools.gnu-tools-for-stm32.12.3.rel1.macos64_1.0.200.202406191456/tools/bin/../lib/gcc/arm-none-eabi/12.3.1/../../../../arm-none-eabi/lib/thumb/v7e-m+fp/hard/libm.a
END GROUP
START GROUP
LOAD /Applications/STM32CubeIDE.app/Contents/Eclipse/plugins/com.st.stm32cube.ide.mcu.externaltools.gnu-tools-for-stm32.12.3.rel1.macos64_1.0.200.202406191456/tools/bin/../lib/gcc/arm-none-eabi/12.3.1/thumb/v7e-m+fp/hard/libgcc.a
LOAD /Applications/STM32CubeIDE.app/Contents/Eclipse/plugins/com.st.stm32cube.ide.mcu.externaltools.gnu-tools-for-stm32.12.3.rel1.macos64_1.0.200.202406191456/tools/bin/../lib/gcc/arm-none-eabi/12.3.1/../../../../arm-none-eabi/lib/thumb/v7e-m+fp/hard/libc_nano.a
END GROUP
START GROUP
LOAD /Applications/STM32CubeIDE.app/Contents/Eclipse/plugins/com.st.stm32cube.ide.mcu.externaltools.gnu-tools-for-stm32.12.3.rel1.macos64_1.0.200.202406191456/tools/bin/../lib/gcc/arm-none-eabi/12.3.1/thumb/v7e-m+fp/hard/libgcc.a
LOAD /Applications/STM32CubeIDE.app/Contents/Eclipse/plugins/com.st.stm32cube.ide.mcu.externaltools.gnu-tools-for-stm32.12.3.rel1.macos64_1.0.200.202406191456/tools/bin/../lib/gcc/arm-none-eabi/12.3.1/../../../../arm-none-eabi/lib/thumb/v7e-m+fp/hard/libc_nano.a
LOAD /Applications/STM32CubeIDE.app/Contents/Eclipse/plugins/com.st.stm32cube.ide.mcu.externaltools.gnu-tools-for-stm32.12.3.rel1.macos64_1.0.200.202406191456/tools/bin/../lib/gcc/arm-none-eabi/12.3.1/../../../../arm-none-eabi/lib/thumb/v7e-m+fp/hard/libnosys.a
END GROUP
START GROUP
LOAD /Applications/STM32CubeIDE.app/Contents/Eclipse/plugins/com.st.stm32cube.ide.mcu.externaltools.gnu-tools-for-stm32.12.3.rel1.macos64_1.0.200.202406191456/tools/bin/../lib/gcc/arm-none-eabi/12.3.1/thumb/v7e-m+fp/hard/libgcc.a
LOAD /Applications/STM32CubeIDE.app/Contents/Eclipse/plugins/com.st.stm32cube.ide.mcu.externaltools.gnu-tools-for-stm32.12.3.rel1.macos64_1.0.200.202406191456/tools/bin/../lib/gcc/arm-none-eabi/12.3.1/../../../../arm-none-eabi/lib/thumb/v7e-m+fp/hard/libc_nano.a
LOAD /Applications/STM32CubeIDE.app/Contents/Eclipse/plugins/com.st.stm32cube.ide.mcu.externaltools.gnu-tools-for-stm32.12.3.rel1.macos64_1.0.200.202406191456/tools/bin/../lib/gcc/arm-none-eabi/12.3.1/../../../../arm-none-eabi/lib/thumb/v7e-m+fp/hard/libnosys.a
END GROUP
LOAD /Applications/STM32CubeIDE.app/Contents/Eclipse/plugins/com.st.stm32cube.ide.mcu.externaltools.gnu-tools-for-stm32.12.3.rel1.macos64_1.0.200.202406191456/tools/bin/../lib/gcc/arm-none-eabi/12.3.1/thumb/v7e-m+fp/hard/crtend.o
LOAD /Applications/STM32CubeIDE.app/Contents/Eclipse/plugins/com.st.stm32cube.ide.mcu.externaltools.gnu-tools-for-stm32.12.3.rel1.macos64_1.0.200.202406191456/tools/bin/../lib/gcc/arm-none-eabi/12.3.1/thumb/v7e-m+fp/hard/crtn.o
                0x20020000                        _estack = (ORIGIN (RAM) + LENGTH (RAM))
                0x00000200                        _Min_Heap_Size = 0x200
                0x00000400                        _Min_Stack_Size = 0x400

.isr_vector     0x08000000      0x1c4
                0x08000000                        . = ALIGN (0x4)
 *(.isr_vector)
 .isr_vector    0x08000000      0x1c4 ./Core/Startup/startup_stm32f446retx.o
                0x08000000                g_pfnVectors
                0x080001c4                        . = ALIGN (0x4)

.text           0x080001d0     0x52fc
                0x080001d0                        . = ALIGN (0x4)
 *(.text)
 .text          0x080001d0       0x40 /Applications/STM32CubeIDE.app/Contents/Eclipse/plugins/com.st.stm32cube.ide.mcu.externaltools.gnu-tools-for-stm32.12.3.rel1.macos64_1.0.200.202406191456/tools/bin/../lib/gcc/arm-none-eabi/12.3.1/thumb/v7e-m+fp/hard/crtbegin.o
 .text          0x08000210       0xa0 /Applications/STM32CubeIDE.app/Contents/Eclipse/plugins/com.st.stm32cube.ide.mcu.externaltools.gnu-tools-for-stm32.12.3.rel1.macos64_1.0.200.202406191456/tools/bin/../lib/gcc/arm-none-eabi/12.3.1/../../../../arm-none-eabi/lib/thumb/v7e-m+fp/hard/libc_nano.a(libc_a-memchr.o)
                0x08000210                memchr
 .text          0x080002b0       0x30 /Applications/STM32CubeIDE.app/Contents/Eclipse/plugins/com.st.stm32cube.ide.mcu.externaltools.gnu-tools-for-stm32.12.3.rel1.macos64_1.0.200.202406191456/tools/bin/../lib/gcc/arm-none-eabi/12.3.1/thumb/v7e-m+fp/hard/libgcc.a(_aeabi_uldivmod.o)
                0x080002b0                __aeabi_uldivmod
 .text          0x080002e0      0x2bc /Applications/STM32CubeIDE.app/Contents/Eclipse/plugins/com.st.stm32cube.ide.mcu.externaltools.gnu-tools-for-stm32.12.3.rel1.macos64_1.0.200.202406191456/tools/bin/../lib/gcc/arm-none-eabi/12.3.1/thumb/v7e-m+fp/hard/libgcc.a(_udivmoddi4.o)
                0x080002e0                __udivmoddi4
 .text          0x0800059c        0x4 /Applications/STM32CubeIDE.app/Contents/Eclipse/plugins/com.st.stm32cube.ide.mcu.externaltools.gnu-tools-for-stm32.12.3.rel1.macos64_1.0.200.202406191456/tools/bin/../lib/gcc/arm-none-eabi/12.3.1/thumb/v7e-m+fp/hard/libgcc.a(_dvmd_tls.o)
                0x0800059c                __aeabi_ldiv0
                0x0800059c                __aeabi_idiv0
 *(.text*)
 .text.MX_CAN2_Init
                0x080005a0       0x68 ./Core/Src/can.o
                0x080005a0                MX_CAN2_Init
 .text.HAL_CAN_MspInit
                0x08000608       0xac ./Core/Src/can.o
                0x08000608                HAL_CAN_MspInit
 .text.MX_GPIO_Init
                0x080006b4       0xdc ./Core/Src/gpio.o
                0x080006b4                MX_GPIO_Init
 .text.MX_I2C1_Init
                0x08000790       0x5c ./Core/Src/i2c.o
                0x08000790                MX_I2C1_Init
 .text.HAL_I2C_MspInit
                0x080007ec       0x90 ./Core/Src/i2c.o
                0x080007ec                HAL_I2C_MspInit
 .text.main     0x0800087c      0x250 ./Core/Src/main.o
                0x0800087c                main
 .text.SystemClock_Config
                0x08000acc       0xdc ./Core/Src/main.o
                0x08000acc                SystemClock_Config
 .text.Error_Handler
                0x08000ba8        0xc ./Core/Src/main.o
                0x08000ba8                Error_Handler
 .text.__io_putchar
                0x08000bb4       0x24 ./Core/Src/stm32f4xx_hal_msp.o
                0x08000bb4                __io_putchar
 .text.HAL_MspInit
                0x08000bd8       0x50 ./Core/Src/stm32f4xx_hal_msp.o
                0x08000bd8                HAL_MspInit
 .text.NMI_Handler
                0x08000c28        0x8 ./Core/Src/stm32f4xx_it.o
                0x08000c28                NMI_Handler
 .text.HardFault_Handler
                0x08000c30        0x8 ./Core/Src/stm32f4xx_it.o
                0x08000c30                HardFault_Handler
 .text.MemManage_Handler
                0x08000c38        0x8 ./Core/Src/stm32f4xx_it.o
                0x08000c38                MemManage_Handler
 .text.BusFault_Handler
                0x08000c40        0x8 ./Core/Src/stm32f4xx_it.o
                0x08000c40                BusFault_Handler
 .text.UsageFault_Handler
                0x08000c48        0x8 ./Core/Src/stm32f4xx_it.o
                0x08000c48                UsageFault_Handler
 .text.SVC_Handler
                0x08000c50        0xe ./Core/Src/stm32f4xx_it.o
                0x08000c50                SVC_Handler
 .text.DebugMon_Handler
                0x08000c5e        0xe ./Core/Src/stm32f4xx_it.o
                0x08000c5e                DebugMon_Handler
 .text.PendSV_Handler
                0x08000c6c        0xe ./Core/Src/stm32f4xx_it.o
                0x08000c6c                PendSV_Handler
 .text.SysTick_Handler
                0x08000c7a        0xc ./Core/Src/stm32f4xx_it.o
                0x08000c7a                SysTick_Handler
 *fill*         0x08000c86        0x2 
 .text.USART1_IRQHandler
                0x08000c88       0x14 ./Core/Src/stm32f4xx_it.o
                0x08000c88                USART1_IRQHandler
 .text._read    0x08000c9c       0x3a ./Core/Src/syscalls.o
                0x08000c9c                _read
 .text._write   0x08000cd6       0x38 ./Core/Src/syscalls.o
                0x08000cd6                _write
 .text._close   0x08000d0e       0x18 ./Core/Src/syscalls.o
                0x08000d0e                _close
 .text._fstat   0x08000d26       0x20 ./Core/Src/syscalls.o
                0x08000d26                _fstat
 .text._isatty  0x08000d46       0x16 ./Core/Src/syscalls.o
                0x08000d46                _isatty
 .text._lseek   0x08000d5c       0x1a ./Core/Src/syscalls.o
                0x08000d5c                _lseek
 *fill*         0x08000d76        0x2 
 .text._sbrk    0x08000d78       0x6c ./Core/Src/sysmem.o
                0x08000d78                _sbrk
 .text.SystemInit
                0x08000de4       0x24 ./Core/Src/system_stm32f4xx.o
                0x08000de4                SystemInit
 .text.MX_USART1_UART_Init
                0x08000e08       0x54 ./Core/Src/usart.o
                0x08000e08                MX_USART1_UART_Init
 .text.MX_USART2_UART_Init
                0x08000e5c       0x54 ./Core/Src/usart.o
                0x08000e5c                MX_USART2_UART_Init
 .text.HAL_UART_MspInit
                0x08000eb0      0x108 ./Core/Src/usart.o
                0x08000eb0                HAL_UART_MspInit
 .text.Reset_Handler
                0x08000fb8       0x50 ./Core/Startup/startup_stm32f446retx.o
                0x08000fb8                Reset_Handler
 .text.Default_Handler
                0x08001008        0x2 ./Core/Startup/startup_stm32f446retx.o
                0x08001008                DMA1_Stream3_IRQHandler
                0x08001008                EXTI2_IRQHandler
                0x08001008                TIM8_CC_IRQHandler
                0x08001008                FMPI2C1_EV_IRQHandler
                0x08001008                SPI4_IRQHandler
                0x08001008                TIM1_CC_IRQHandler
                0x08001008                DMA2_Stream5_IRQHandler
                0x08001008                DMA1_Stream5_IRQHandler
                0x08001008                PVD_IRQHandler
                0x08001008                SDIO_IRQHandler
                0x08001008                TAMP_STAMP_IRQHandler
                0x08001008                CAN2_RX1_IRQHandler
                0x08001008                EXTI3_IRQHandler
                0x08001008                TIM8_TRG_COM_TIM14_IRQHandler
                0x08001008                TIM1_UP_TIM10_IRQHandler
                0x08001008                TIM8_UP_TIM13_IRQHandler
                0x08001008                I2C3_ER_IRQHandler
                0x08001008                EXTI0_IRQHandler
                0x08001008                I2C2_EV_IRQHandler
                0x08001008                DMA1_Stream2_IRQHandler
                0x08001008                CAN1_RX0_IRQHandler
                0x08001008                FPU_IRQHandler
                0x08001008                OTG_HS_WKUP_IRQHandler
                0x08001008                CAN2_SCE_IRQHandler
                0x08001008                DMA2_Stream2_IRQHandler
                0x08001008                SPI1_IRQHandler
                0x08001008                TIM6_DAC_IRQHandler
                0x08001008                TIM1_BRK_TIM9_IRQHandler
                0x08001008                DCMI_IRQHandler
                0x08001008                CAN2_RX0_IRQHandler
                0x08001008                DMA2_Stream3_IRQHandler
                0x08001008                SAI2_IRQHandler
                0x08001008                USART6_IRQHandler
                0x08001008                USART3_IRQHandler
                0x08001008                CAN1_RX1_IRQHandler
                0x08001008                UART5_IRQHandler
                0x08001008                DMA2_Stream0_IRQHandler
                0x08001008                TIM4_IRQHandler
                0x08001008                QUADSPI_IRQHandler
                0x08001008                I2C1_EV_IRQHandler
                0x08001008                DMA1_Stream6_IRQHandler
                0x08001008                DMA1_Stream1_IRQHandler
                0x08001008                UART4_IRQHandler
                0x08001008                TIM3_IRQHandler
                0x08001008                RCC_IRQHandler
                0x08001008                TIM8_BRK_TIM12_IRQHandler
                0x08001008                Default_Handler
                0x08001008                CEC_IRQHandler
                0x08001008                EXTI15_10_IRQHandler
                0x08001008                ADC_IRQHandler
                0x08001008                DMA1_Stream7_IRQHandler
                0x08001008                TIM7_IRQHandler
                0x08001008                CAN2_TX_IRQHandler
                0x08001008                TIM5_IRQHandler
                0x08001008                DMA2_Stream7_IRQHandler
                0x08001008                I2C3_EV_IRQHandler
                0x08001008                EXTI9_5_IRQHandler
                0x08001008                RTC_WKUP_IRQHandler
                0x08001008                SPDIF_RX_IRQHandler
                0x08001008                SPI2_IRQHandler
                0x08001008                OTG_HS_EP1_IN_IRQHandler
                0x08001008                DMA1_Stream0_IRQHandler
                0x08001008                CAN1_TX_IRQHandler
                0x08001008                FMPI2C1_ER_IRQHandler
                0x08001008                EXTI4_IRQHandler
                0x08001008                OTG_HS_EP1_OUT_IRQHandler
                0x08001008                WWDG_IRQHandler
                0x08001008                TIM2_IRQHandler
                0x08001008                OTG_FS_WKUP_IRQHandler
                0x08001008                TIM1_TRG_COM_TIM11_IRQHandler
                0x08001008                OTG_HS_IRQHandler
                0x08001008                EXTI1_IRQHandler
                0x08001008                USART2_IRQHandler
                0x08001008                I2C2_ER_IRQHandler
                0x08001008                DMA2_Stream1_IRQHandler
                0x08001008                CAN1_SCE_IRQHandler
                0x08001008                FLASH_IRQHandler
                0x08001008                DMA2_Stream4_IRQHandler
                0x08001008                OTG_FS_IRQHandler
                0x08001008                SPI3_IRQHandler
                0x08001008                DMA1_Stream4_IRQHandler
                0x08001008                I2C1_ER_IRQHandler
                0x08001008                FMC_IRQHandler
                0x08001008                DMA2_Stream6_IRQHandler
                0x08001008                SAI1_IRQHandler
                0x08001008                RTC_Alarm_IRQHandler
 *fill*         0x0800100a        0x2 
 .text.HAL_Init
                0x0800100c       0x44 ./Drivers/STM32F4xx_HAL_Driver/Src/stm32f4xx_hal.o
                0x0800100c                HAL_Init
 .text.HAL_InitTick
                0x08001050       0x60 ./Drivers/STM32F4xx_HAL_Driver/Src/stm32f4xx_hal.o
                0x08001050                HAL_InitTick
 .text.HAL_IncTick
                0x080010b0       0x28 ./Drivers/STM32F4xx_HAL_Driver/Src/stm32f4xx_hal.o
                0x080010b0                HAL_IncTick
 .text.HAL_GetTick
                0x080010d8       0x18 ./Drivers/STM32F4xx_HAL_Driver/Src/stm32f4xx_hal.o
                0x080010d8                HAL_GetTick
 .text.HAL_Delay
                0x080010f0       0x48 ./Drivers/STM32F4xx_HAL_Driver/Src/stm32f4xx_hal.o
                0x080010f0                HAL_Delay
 .text.HAL_CAN_Init
                0x08001138      0x1f6 ./Drivers/STM32F4xx_HAL_Driver/Src/stm32f4xx_hal_can.o
                0x08001138                HAL_CAN_Init
 *fill*         0x0800132e        0x2 
 .text.__NVIC_SetPriorityGrouping
                0x08001330       0x48 ./Drivers/STM32F4xx_HAL_Driver/Src/stm32f4xx_hal_cortex.o
 .text.__NVIC_GetPriorityGrouping
                0x08001378       0x1c ./Drivers/STM32F4xx_HAL_Driver/Src/stm32f4xx_hal_cortex.o
 .text.__NVIC_EnableIRQ
                0x08001394       0x3c ./Drivers/STM32F4xx_HAL_Driver/Src/stm32f4xx_hal_cortex.o
 .text.__NVIC_SetPriority
                0x080013d0       0x54 ./Drivers/STM32F4xx_HAL_Driver/Src/stm32f4xx_hal_cortex.o
 .text.NVIC_EncodePriority
                0x08001424       0x66 ./Drivers/STM32F4xx_HAL_Driver/Src/stm32f4xx_hal_cortex.o
 *fill*         0x0800148a        0x2 
 .text.SysTick_Config
                0x0800148c       0x44 ./Drivers/STM32F4xx_HAL_Driver/Src/stm32f4xx_hal_cortex.o
 .text.HAL_NVIC_SetPriorityGrouping
                0x080014d0       0x16 ./Drivers/STM32F4xx_HAL_Driver/Src/stm32f4xx_hal_cortex.o
                0x080014d0                HAL_NVIC_SetPriorityGrouping
 .text.HAL_NVIC_SetPriority
                0x080014e6       0x38 ./Drivers/STM32F4xx_HAL_Driver/Src/stm32f4xx_hal_cortex.o
                0x080014e6                HAL_NVIC_SetPriority
 .text.HAL_NVIC_EnableIRQ
                0x0800151e       0x1c ./Drivers/STM32F4xx_HAL_Driver/Src/stm32f4xx_hal_cortex.o
                0x0800151e                HAL_NVIC_EnableIRQ
 .text.HAL_SYSTICK_Config
                0x0800153a       0x18 ./Drivers/STM32F4xx_HAL_Driver/Src/stm32f4xx_hal_cortex.o
                0x0800153a                HAL_SYSTICK_Config
 .text.HAL_DMA_Abort
                0x08001552       0xe0 ./Drivers/STM32F4xx_HAL_Driver/Src/stm32f4xx_hal_dma.o
                0x08001552                HAL_DMA_Abort
 .text.HAL_DMA_Abort_IT
                0x08001632       0x44 ./Drivers/STM32F4xx_HAL_Driver/Src/stm32f4xx_hal_dma.o
                0x08001632                HAL_DMA_Abort_IT
 *fill*         0x08001676        0x2 
 .text.HAL_GPIO_Init
                0x08001678      0x328 ./Drivers/STM32F4xx_HAL_Driver/Src/stm32f4xx_hal_gpio.o
                0x08001678                HAL_GPIO_Init
 .text.HAL_GPIO_WritePin
                0x080019a0       0x32 ./Drivers/STM32F4xx_HAL_Driver/Src/stm32f4xx_hal_gpio.o
                0x080019a0                HAL_GPIO_WritePin
 *fill*         0x080019d2        0x2 
 .text.HAL_I2C_Init
                0x080019d4      0x288 ./Drivers/STM32F4xx_HAL_Driver/Src/stm32f4xx_hal_i2c.o
                0x080019d4                HAL_I2C_Init
 .text.HAL_I2C_Master_Transmit
                0x08001c5c      0x1fc ./Drivers/STM32F4xx_HAL_Driver/Src/stm32f4xx_hal_i2c.o
                0x08001c5c                HAL_I2C_Master_Transmit
 .text.HAL_I2C_Master_Receive
                0x08001e58      0x464 ./Drivers/STM32F4xx_HAL_Driver/Src/stm32f4xx_hal_i2c.o
                0x08001e58                HAL_I2C_Master_Receive
 .text.I2C_MasterRequestWrite
                0x080022bc      0x104 ./Drivers/STM32F4xx_HAL_Driver/Src/stm32f4xx_hal_i2c.o
 .text.I2C_MasterRequestRead
                0x080023c0      0x19c ./Drivers/STM32F4xx_HAL_Driver/Src/stm32f4xx_hal_i2c.o
 .text.I2C_WaitOnFlagUntilTimeout
                0x0800255c       0xf4 ./Drivers/STM32F4xx_HAL_Driver/Src/stm32f4xx_hal_i2c.o
 .text.I2C_WaitOnMasterAddressFlagUntilTimeout
                0x08002650      0x140 ./Drivers/STM32F4xx_HAL_Driver/Src/stm32f4xx_hal_i2c.o
 .text.I2C_WaitOnTXEFlagUntilTimeout
                0x08002790       0x90 ./Drivers/STM32F4xx_HAL_Driver/Src/stm32f4xx_hal_i2c.o
 .text.I2C_WaitOnBTFFlagUntilTimeout
                0x08002820       0x90 ./Drivers/STM32F4xx_HAL_Driver/Src/stm32f4xx_hal_i2c.o
 .text.I2C_WaitOnRXNEFlagUntilTimeout
                0x080028b0       0xba ./Drivers/STM32F4xx_HAL_Driver/Src/stm32f4xx_hal_i2c.o
 .text.I2C_IsAcknowledgeFailed
                0x0800296a       0x5e ./Drivers/STM32F4xx_HAL_Driver/Src/stm32f4xx_hal_i2c.o
 .text.HAL_RCC_ClockConfig
                0x080029c8      0x1cc ./Drivers/STM32F4xx_HAL_Driver/Src/stm32f4xx_hal_rcc.o
                0x080029c8                HAL_RCC_ClockConfig
 .text.HAL_RCC_GetHCLKFreq
                0x08002b94       0x18 ./Drivers/STM32F4xx_HAL_Driver/Src/stm32f4xx_hal_rcc.o
                0x08002b94                HAL_RCC_GetHCLKFreq
 .text.HAL_RCC_GetPCLK1Freq
                0x08002bac       0x28 ./Drivers/STM32F4xx_HAL_Driver/Src/stm32f4xx_hal_rcc.o
                0x08002bac                HAL_RCC_GetPCLK1Freq
 .text.HAL_RCC_GetPCLK2Freq
                0x08002bd4       0x28 ./Drivers/STM32F4xx_HAL_Driver/Src/stm32f4xx_hal_rcc.o
                0x08002bd4                HAL_RCC_GetPCLK2Freq
 .text.HAL_RCC_GetSysClockFreq
                0x08002bfc      0x460 ./Drivers/STM32F4xx_HAL_Driver/Src/stm32f4xx_hal_rcc_ex.o
                0x08002bfc                HAL_RCC_GetSysClockFreq
 .text.HAL_RCC_OscConfig
                0x0800305c      0x53c ./Drivers/STM32F4xx_HAL_Driver/Src/stm32f4xx_hal_rcc_ex.o
                0x0800305c                HAL_RCC_OscConfig
 .text.HAL_UART_Init
                0x08003598       0xa0 ./Drivers/STM32F4xx_HAL_Driver/Src/stm32f4xx_hal_uart.o
                0x08003598                HAL_UART_Init
 .text.HAL_UART_Transmit
                0x08003638      0x116 ./Drivers/STM32F4xx_HAL_Driver/Src/stm32f4xx_hal_uart.o
                0x08003638                HAL_UART_Transmit
 *fill*         0x0800374e        0x2 
 .text.HAL_UART_IRQHandler
                0x08003750      0x524 ./Drivers/STM32F4xx_HAL_Driver/Src/stm32f4xx_hal_uart.o
                0x08003750                HAL_UART_IRQHandler
 .text.HAL_UART_TxCpltCallback
                0x08003c74       0x14 ./Drivers/STM32F4xx_HAL_Driver/Src/stm32f4xx_hal_uart.o
                0x08003c74                HAL_UART_TxCpltCallback
 .text.HAL_UART_RxCpltCallback
                0x08003c88       0x14 ./Drivers/STM32F4xx_HAL_Driver/Src/stm32f4xx_hal_uart.o
                0x08003c88                HAL_UART_RxCpltCallback
 .text.HAL_UART_ErrorCallback
                0x08003c9c       0x14 ./Drivers/STM32F4xx_HAL_Driver/Src/stm32f4xx_hal_uart.o
                0x08003c9c                HAL_UART_ErrorCallback
 .text.HAL_UARTEx_RxEventCallback
                0x08003cb0       0x18 ./Drivers/STM32F4xx_HAL_Driver/Src/stm32f4xx_hal_uart.o
                0x08003cb0                HAL_UARTEx_RxEventCallback
 .text.UART_WaitOnFlagUntilTimeout
                0x08003cc8       0xb2 ./Drivers/STM32F4xx_HAL_Driver/Src/stm32f4xx_hal_uart.o
 .text.UART_EndRxTransfer
                0x08003d7a       0xc6 ./Drivers/STM32F4xx_HAL_Driver/Src/stm32f4xx_hal_uart.o
 .text.UART_DMAAbortOnError
                0x08003e40       0x28 ./Drivers/STM32F4xx_HAL_Driver/Src/stm32f4xx_hal_uart.o
 .text.UART_Transmit_IT
                0x08003e68       0xa0 ./Drivers/STM32F4xx_HAL_Driver/Src/stm32f4xx_hal_uart.o
 .text.UART_EndTransmit_IT
                0x08003f08       0x30 ./Drivers/STM32F4xx_HAL_Driver/Src/stm32f4xx_hal_uart.o
 .text.UART_Receive_IT
                0x08003f38      0x17c ./Drivers/STM32F4xx_HAL_Driver/Src/stm32f4xx_hal_uart.o
 .text.UART_SetConfig
                0x080040b4      0x4e8 ./Drivers/STM32F4xx_HAL_Driver/Src/stm32f4xx_hal_uart.o
 .text.std      0x0800459c       0x6c /Applications/STM32CubeIDE.app/Contents/Eclipse/plugins/com.st.stm32cube.ide.mcu.externaltools.gnu-tools-for-stm32.12.3.rel1.macos64_1.0.200.202406191456/tools/bin/../lib/gcc/arm-none-eabi/12.3.1/../../../../arm-none-eabi/lib/thumb/v7e-m+fp/hard/libc_nano.a(libc_a-findfp.o)
 .text.stdio_exit_handler
                0x08004608       0x18 /Applications/STM32CubeIDE.app/Contents/Eclipse/plugins/com.st.stm32cube.ide.mcu.externaltools.gnu-tools-for-stm32.12.3.rel1.macos64_1.0.200.202406191456/tools/bin/../lib/gcc/arm-none-eabi/12.3.1/../../../../arm-none-eabi/lib/thumb/v7e-m+fp/hard/libc_nano.a(libc_a-findfp.o)
 .text.cleanup_stdio
                0x08004620       0x40 /Applications/STM32CubeIDE.app/Contents/Eclipse/plugins/com.st.stm32cube.ide.mcu.externaltools.gnu-tools-for-stm32.12.3.rel1.macos64_1.0.200.202406191456/tools/bin/../lib/gcc/arm-none-eabi/12.3.1/../../../../arm-none-eabi/lib/thumb/v7e-m+fp/hard/libc_nano.a(libc_a-findfp.o)
 .text.global_stdio_init.part.0
                0x08004660       0x3c /Applications/STM32CubeIDE.app/Contents/Eclipse/plugins/com.st.stm32cube.ide.mcu.externaltools.gnu-tools-for-stm32.12.3.rel1.macos64_1.0.200.202406191456/tools/bin/../lib/gcc/arm-none-eabi/12.3.1/../../../../arm-none-eabi/lib/thumb/v7e-m+fp/hard/libc_nano.a(libc_a-findfp.o)
 .text.__sfp_lock_acquire
                0x0800469c        0xc /Applications/STM32CubeIDE.app/Contents/Eclipse/plugins/com.st.stm32cube.ide.mcu.externaltools.gnu-tools-for-stm32.12.3.rel1.macos64_1.0.200.202406191456/tools/bin/../lib/gcc/arm-none-eabi/12.3.1/../../../../arm-none-eabi/lib/thumb/v7e-m+fp/hard/libc_nano.a(libc_a-findfp.o)
                0x0800469c                __sfp_lock_acquire
 .text.__sfp_lock_release
                0x080046a8        0xc /Applications/STM32CubeIDE.app/Contents/Eclipse/plugins/com.st.stm32cube.ide.mcu.externaltools.gnu-tools-for-stm32.12.3.rel1.macos64_1.0.200.202406191456/tools/bin/../lib/gcc/arm-none-eabi/12.3.1/../../../../arm-none-eabi/lib/thumb/v7e-m+fp/hard/libc_nano.a(libc_a-findfp.o)
                0x080046a8                __sfp_lock_release
 .text.__sinit  0x080046b4       0x30 /Applications/STM32CubeIDE.app/Contents/Eclipse/plugins/com.st.stm32cube.ide.mcu.externaltools.gnu-tools-for-stm32.12.3.rel1.macos64_1.0.200.202406191456/tools/bin/../lib/gcc/arm-none-eabi/12.3.1/../../../../arm-none-eabi/lib/thumb/v7e-m+fp/hard/libc_nano.a(libc_a-findfp.o)
                0x080046b4                __sinit
 .text._fwalk_sglue
                0x080046e4       0x3c /Applications/STM32CubeIDE.app/Contents/Eclipse/plugins/com.st.stm32cube.ide.mcu.externaltools.gnu-tools-for-stm32.12.3.rel1.macos64_1.0.200.202406191456/tools/bin/../lib/gcc/arm-none-eabi/12.3.1/../../../../arm-none-eabi/lib/thumb/v7e-m+fp/hard/libc_nano.a(libc_a-fwalk.o)
                0x080046e4                _fwalk_sglue
 .text.printf   0x08004720       0x24 /Applications/STM32CubeIDE.app/Contents/Eclipse/plugins/com.st.stm32cube.ide.mcu.externaltools.gnu-tools-for-stm32.12.3.rel1.macos64_1.0.200.202406191456/tools/bin/../lib/gcc/arm-none-eabi/12.3.1/../../../../arm-none-eabi/lib/thumb/v7e-m+fp/hard/libc_nano.a(libc_a-printf.o)
                0x08004720                printf
                0x08004720                iprintf
 .text._puts_r  0x08004744       0xaa /Applications/STM32CubeIDE.app/Contents/Eclipse/plugins/com.st.stm32cube.ide.mcu.externaltools.gnu-tools-for-stm32.12.3.rel1.macos64_1.0.200.202406191456/tools/bin/../lib/gcc/arm-none-eabi/12.3.1/../../../../arm-none-eabi/lib/thumb/v7e-m+fp/hard/libc_nano.a(libc_a-puts.o)
                0x08004744                _puts_r
 *fill*         0x080047ee        0x2 
 .text.puts     0x080047f0       0x10 /Applications/STM32CubeIDE.app/Contents/Eclipse/plugins/com.st.stm32cube.ide.mcu.externaltools.gnu-tools-for-stm32.12.3.rel1.macos64_1.0.200.202406191456/tools/bin/../lib/gcc/arm-none-eabi/12.3.1/../../../../arm-none-eabi/lib/thumb/v7e-m+fp/hard/libc_nano.a(libc_a-puts.o)
                0x080047f0                puts
 .text.memset   0x08004800       0x10 /Applications/STM32CubeIDE.app/Contents/Eclipse/plugins/com.st.stm32cube.ide.mcu.externaltools.gnu-tools-for-stm32.12.3.rel1.macos64_1.0.200.202406191456/tools/bin/../lib/gcc/arm-none-eabi/12.3.1/../../../../arm-none-eabi/lib/thumb/v7e-m+fp/hard/libc_nano.a(libc_a-memset.o)
                0x08004800                memset
 .text.__errno  0x08004810        0xc /Applications/STM32CubeIDE.app/Contents/Eclipse/plugins/com.st.stm32cube.ide.mcu.externaltools.gnu-tools-for-stm32.12.3.rel1.macos64_1.0.200.202406191456/tools/bin/../lib/gcc/arm-none-eabi/12.3.1/../../../../arm-none-eabi/lib/thumb/v7e-m+fp/hard/libc_nano.a(libc_a-errno.o)
                0x08004810                __errno
 .text.__libc_init_array
                0x0800481c       0x48 /Applications/STM32CubeIDE.app/Contents/Eclipse/plugins/com.st.stm32cube.ide.mcu.externaltools.gnu-tools-for-stm32.12.3.rel1.macos64_1.0.200.202406191456/tools/bin/../lib/gcc/arm-none-eabi/12.3.1/../../../../arm-none-eabi/lib/thumb/v7e-m+fp/hard/libc_nano.a(libc_a-init.o)
                0x0800481c                __libc_init_array
 .text.__retarget_lock_init_recursive
                0x08004864        0x2 /Applications/STM32CubeIDE.app/Contents/Eclipse/plugins/com.st.stm32cube.ide.mcu.externaltools.gnu-tools-for-stm32.12.3.rel1.macos64_1.0.200.202406191456/tools/bin/../lib/gcc/arm-none-eabi/12.3.1/../../../../arm-none-eabi/lib/thumb/v7e-m+fp/hard/libc_nano.a(libc_a-lock.o)
                0x08004864                __retarget_lock_init_recursive
 .text.__retarget_lock_acquire_recursive
                0x08004866        0x2 /Applications/STM32CubeIDE.app/Contents/Eclipse/plugins/com.st.stm32cube.ide.mcu.externaltools.gnu-tools-for-stm32.12.3.rel1.macos64_1.0.200.202406191456/tools/bin/../lib/gcc/arm-none-eabi/12.3.1/../../../../arm-none-eabi/lib/thumb/v7e-m+fp/hard/libc_nano.a(libc_a-lock.o)
                0x08004866                __retarget_lock_acquire_recursive
 .text.__retarget_lock_release_recursive
                0x08004868        0x2 /Applications/STM32CubeIDE.app/Contents/Eclipse/plugins/com.st.stm32cube.ide.mcu.externaltools.gnu-tools-for-stm32.12.3.rel1.macos64_1.0.200.202406191456/tools/bin/../lib/gcc/arm-none-eabi/12.3.1/../../../../arm-none-eabi/lib/thumb/v7e-m+fp/hard/libc_nano.a(libc_a-lock.o)
                0x08004868                __retarget_lock_release_recursive
 .text.__sfputc_r
                0x0800486a       0x2e /Applications/STM32CubeIDE.app/Contents/Eclipse/plugins/com.st.stm32cube.ide.mcu.externaltools.gnu-tools-for-stm32.12.3.rel1.macos64_1.0.200.202406191456/tools/bin/../lib/gcc/arm-none-eabi/12.3.1/../../../../arm-none-eabi/lib/thumb/v7e-m+fp/hard/libc_nano.a(libc_a-nano-vfprintf.o)
 .text.__sfputs_r
                0x08004898       0x24 /Applications/STM32CubeIDE.app/Contents/Eclipse/plugins/com.st.stm32cube.ide.mcu.externaltools.gnu-tools-for-stm32.12.3.rel1.macos64_1.0.200.202406191456/tools/bin/../lib/gcc/arm-none-eabi/12.3.1/../../../../arm-none-eabi/lib/thumb/v7e-m+fp/hard/libc_nano.a(libc_a-nano-vfprintf.o)
                0x08004898                __sfputs_r
 .text._vfprintf_r
                0x080048bc      0x230 /Applications/STM32CubeIDE.app/Contents/Eclipse/plugins/com.st.stm32cube.ide.mcu.externaltools.gnu-tools-for-stm32.12.3.rel1.macos64_1.0.200.202406191456/tools/bin/../lib/gcc/arm-none-eabi/12.3.1/../../../../arm-none-eabi/lib/thumb/v7e-m+fp/hard/libc_nano.a(libc_a-nano-vfprintf.o)
                0x080048bc                _vfiprintf_r
                0x080048bc                _vfprintf_r
 .text.sbrk_aligned
                0x08004aec       0x44 /Applications/STM32CubeIDE.app/Contents/Eclipse/plugins/com.st.stm32cube.ide.mcu.externaltools.gnu-tools-for-stm32.12.3.rel1.macos64_1.0.200.202406191456/tools/bin/../lib/gcc/arm-none-eabi/12.3.1/../../../../arm-none-eabi/lib/thumb/v7e-m+fp/hard/libc_nano.a(libc_a-mallocr.o)
 .text._malloc_r
                0x08004b30      0x100 /Applications/STM32CubeIDE.app/Contents/Eclipse/plugins/com.st.stm32cube.ide.mcu.externaltools.gnu-tools-for-stm32.12.3.rel1.macos64_1.0.200.202406191456/tools/bin/../lib/gcc/arm-none-eabi/12.3.1/../../../../arm-none-eabi/lib/thumb/v7e-m+fp/hard/libc_nano.a(libc_a-mallocr.o)
                0x08004b30                _malloc_r
 .text._printf_common
                0x08004c30       0xda /Applications/STM32CubeIDE.app/Contents/Eclipse/plugins/com.st.stm32cube.ide.mcu.externaltools.gnu-tools-for-stm32.12.3.rel1.macos64_1.0.200.202406191456/tools/bin/../lib/gcc/arm-none-eabi/12.3.1/../../../../arm-none-eabi/lib/thumb/v7e-m+fp/hard/libc_nano.a(libc_a-nano-vfprintf_i.o)
                0x08004c30                _printf_common
 *fill*         0x08004d0a        0x2 
 .text._printf_i
                0x08004d0c      0x240 /Applications/STM32CubeIDE.app/Contents/Eclipse/plugins/com.st.stm32cube.ide.mcu.externaltools.gnu-tools-for-stm32.12.3.rel1.macos64_1.0.200.202406191456/tools/bin/../lib/gcc/arm-none-eabi/12.3.1/../../../../arm-none-eabi/lib/thumb/v7e-m+fp/hard/libc_nano.a(libc_a-nano-vfprintf_i.o)
                0x08004d0c                _printf_i
 .text.__sflush_r
                0x08004f4c      0x108 /Applications/STM32CubeIDE.app/Contents/Eclipse/plugins/com.st.stm32cube.ide.mcu.externaltools.gnu-tools-for-stm32.12.3.rel1.macos64_1.0.200.202406191456/tools/bin/../lib/gcc/arm-none-eabi/12.3.1/../../../../arm-none-eabi/lib/thumb/v7e-m+fp/hard/libc_nano.a(libc_a-fflush.o)
                0x08004f4c                __sflush_r
 .text._fflush_r
                0x08005054       0x50 /Applications/STM32CubeIDE.app/Contents/Eclipse/plugins/com.st.stm32cube.ide.mcu.externaltools.gnu-tools-for-stm32.12.3.rel1.macos64_1.0.200.202406191456/tools/bin/../lib/gcc/arm-none-eabi/12.3.1/../../../../arm-none-eabi/lib/thumb/v7e-m+fp/hard/libc_nano.a(libc_a-fflush.o)
                0x08005054                _fflush_r
 .text.__malloc_lock
                0x080050a4        0xc /Applications/STM32CubeIDE.app/Contents/Eclipse/plugins/com.st.stm32cube.ide.mcu.externaltools.gnu-tools-for-stm32.12.3.rel1.macos64_1.0.200.202406191456/tools/bin/../lib/gcc/arm-none-eabi/12.3.1/../../../../arm-none-eabi/lib/thumb/v7e-m+fp/hard/libc_nano.a(libc_a-mlock.o)
                0x080050a4                __malloc_lock
 .text.__malloc_unlock
                0x080050b0        0xc /Applications/STM32CubeIDE.app/Contents/Eclipse/plugins/com.st.stm32cube.ide.mcu.externaltools.gnu-tools-for-stm32.12.3.rel1.macos64_1.0.200.202406191456/tools/bin/../lib/gcc/arm-none-eabi/12.3.1/../../../../arm-none-eabi/lib/thumb/v7e-m+fp/hard/libc_nano.a(libc_a-mlock.o)
                0x080050b0                __malloc_unlock
 .text.__sread  0x080050bc       0x22 /Applications/STM32CubeIDE.app/Contents/Eclipse/plugins/com.st.stm32cube.ide.mcu.externaltools.gnu-tools-for-stm32.12.3.rel1.macos64_1.0.200.202406191456/tools/bin/../lib/gcc/arm-none-eabi/12.3.1/../../../../arm-none-eabi/lib/thumb/v7e-m+fp/hard/libc_nano.a(libc_a-stdio.o)
                0x080050bc                __sread
 .text.__swrite
                0x080050de       0x38 /Applications/STM32CubeIDE.app/Contents/Eclipse/plugins/com.st.stm32cube.ide.mcu.externaltools.gnu-tools-for-stm32.12.3.rel1.macos64_1.0.200.202406191456/tools/bin/../lib/gcc/arm-none-eabi/12.3.1/../../../../arm-none-eabi/lib/thumb/v7e-m+fp/hard/libc_nano.a(libc_a-stdio.o)
                0x080050de                __swrite
 .text.__sseek  0x08005116       0x24 /Applications/STM32CubeIDE.app/Contents/Eclipse/plugins/com.st.stm32cube.ide.mcu.externaltools.gnu-tools-for-stm32.12.3.rel1.macos64_1.0.200.202406191456/tools/bin/../lib/gcc/arm-none-eabi/12.3.1/../../../../arm-none-eabi/lib/thumb/v7e-m+fp/hard/libc_nano.a(libc_a-stdio.o)
                0x08005116                __sseek
 .text.__sclose
                0x0800513a        0x8 /Applications/STM32CubeIDE.app/Contents/Eclipse/plugins/com.st.stm32cube.ide.mcu.externaltools.gnu-tools-for-stm32.12.3.rel1.macos64_1.0.200.202406191456/tools/bin/../lib/gcc/arm-none-eabi/12.3.1/../../../../arm-none-eabi/lib/thumb/v7e-m+fp/hard/libc_nano.a(libc_a-stdio.o)
                0x0800513a                __sclose
 .text.__swbuf_r
                0x08005142       0x7c /Applications/STM32CubeIDE.app/Contents/Eclipse/plugins/com.st.stm32cube.ide.mcu.externaltools.gnu-tools-for-stm32.12.3.rel1.macos64_1.0.200.202406191456/tools/bin/../lib/gcc/arm-none-eabi/12.3.1/../../../../arm-none-eabi/lib/thumb/v7e-m+fp/hard/libc_nano.a(libc_a-wbuf.o)
                0x08005142                __swbuf_r
 *fill*         0x080051be        0x2 
 .text.__swsetup_r
                0x080051c0       0xac /Applications/STM32CubeIDE.app/Contents/Eclipse/plugins/com.st.stm32cube.ide.mcu.externaltools.gnu-tools-for-stm32.12.3.rel1.macos64_1.0.200.202406191456/tools/bin/../lib/gcc/arm-none-eabi/12.3.1/../../../../arm-none-eabi/lib/thumb/v7e-m+fp/hard/libc_nano.a(libc_a-wsetup.o)
                0x080051c0                __swsetup_r
 .text.__swhatbuf_r
                0x0800526c       0x4c /Applications/STM32CubeIDE.app/Contents/Eclipse/plugins/com.st.stm32cube.ide.mcu.externaltools.gnu-tools-for-stm32.12.3.rel1.macos64_1.0.200.202406191456/tools/bin/../lib/gcc/arm-none-eabi/12.3.1/../../../../arm-none-eabi/lib/thumb/v7e-m+fp/hard/libc_nano.a(libc_a-makebuf.o)
                0x0800526c                __swhatbuf_r
 .text.__smakebuf_r
                0x080052b8       0x78 /Applications/STM32CubeIDE.app/Contents/Eclipse/plugins/com.st.stm32cube.ide.mcu.externaltools.gnu-tools-for-stm32.12.3.rel1.macos64_1.0.200.202406191456/tools/bin/../lib/gcc/arm-none-eabi/12.3.1/../../../../arm-none-eabi/lib/thumb/v7e-m+fp/hard/libc_nano.a(libc_a-makebuf.o)
                0x080052b8                __smakebuf_r
 .text._close_r
                0x08005330       0x20 /Applications/STM32CubeIDE.app/Contents/Eclipse/plugins/com.st.stm32cube.ide.mcu.externaltools.gnu-tools-for-stm32.12.3.rel1.macos64_1.0.200.202406191456/tools/bin/../lib/gcc/arm-none-eabi/12.3.1/../../../../arm-none-eabi/lib/thumb/v7e-m+fp/hard/libc_nano.a(libc_a-closer.o)
                0x08005330                _close_r
 .text._fstat_r
                0x08005350       0x24 /Applications/STM32CubeIDE.app/Contents/Eclipse/plugins/com.st.stm32cube.ide.mcu.externaltools.gnu-tools-for-stm32.12.3.rel1.macos64_1.0.200.202406191456/tools/bin/../lib/gcc/arm-none-eabi/12.3.1/../../../../arm-none-eabi/lib/thumb/v7e-m+fp/hard/libc_nano.a(libc_a-fstatr.o)
                0x08005350                _fstat_r
 .text._isatty_r
                0x08005374       0x20 /Applications/STM32CubeIDE.app/Contents/Eclipse/plugins/com.st.stm32cube.ide.mcu.externaltools.gnu-tools-for-stm32.12.3.rel1.macos64_1.0.200.202406191456/tools/bin/../lib/gcc/arm-none-eabi/12.3.1/../../../../arm-none-eabi/lib/thumb/v7e-m+fp/hard/libc_nano.a(libc_a-isattyr.o)
                0x08005374                _isatty_r
 .text._lseek_r
                0x08005394       0x24 /Applications/STM32CubeIDE.app/Contents/Eclipse/plugins/com.st.stm32cube.ide.mcu.externaltools.gnu-tools-for-stm32.12.3.rel1.macos64_1.0.200.202406191456/tools/bin/../lib/gcc/arm-none-eabi/12.3.1/../../../../arm-none-eabi/lib/thumb/v7e-m+fp/hard/libc_nano.a(libc_a-lseekr.o)
                0x08005394                _lseek_r
 .text._read_r  0x080053b8       0x24 /Applications/STM32CubeIDE.app/Contents/Eclipse/plugins/com.st.stm32cube.ide.mcu.externaltools.gnu-tools-for-stm32.12.3.rel1.macos64_1.0.200.202406191456/tools/bin/../lib/gcc/arm-none-eabi/12.3.1/../../../../arm-none-eabi/lib/thumb/v7e-m+fp/hard/libc_nano.a(libc_a-readr.o)
                0x080053b8                _read_r
 .text._sbrk_r  0x080053dc       0x20 /Applications/STM32CubeIDE.app/Contents/Eclipse/plugins/com.st.stm32cube.ide.mcu.externaltools.gnu-tools-for-stm32.12.3.rel1.macos64_1.0.200.202406191456/tools/bin/../lib/gcc/arm-none-eabi/12.3.1/../../../../arm-none-eabi/lib/thumb/v7e-m+fp/hard/libc_nano.a(libc_a-sbrkr.o)
                0x080053dc                _sbrk_r
 .text._write_r
                0x080053fc       0x24 /Applications/STM32CubeIDE.app/Contents/Eclipse/plugins/com.st.stm32cube.ide.mcu.externaltools.gnu-tools-for-stm32.12.3.rel1.macos64_1.0.200.202406191456/tools/bin/../lib/gcc/arm-none-eabi/12.3.1/../../../../arm-none-eabi/lib/thumb/v7e-m+fp/hard/libc_nano.a(libc_a-writer.o)
                0x080053fc                _write_r
 .text._free_r  0x08005420       0x94 /Applications/STM32CubeIDE.app/Contents/Eclipse/plugins/com.st.stm32cube.ide.mcu.externaltools.gnu-tools-for-stm32.12.3.rel1.macos64_1.0.200.202406191456/tools/bin/../lib/gcc/arm-none-eabi/12.3.1/../../../../arm-none-eabi/lib/thumb/v7e-m+fp/hard/libc_nano.a(libc_a-freer.o)
                0x08005420                _free_r
 *(.glue_7)
 .glue_7        0x080054b4        0x0 linker stubs
 *(.glue_7t)
 .glue_7t       0x080054b4        0x0 linker stubs
 *(.eh_frame)
 .eh_frame      0x080054b4        0x0 /Applications/STM32CubeIDE.app/Contents/Eclipse/plugins/com.st.stm32cube.ide.mcu.externaltools.gnu-tools-for-stm32.12.3.rel1.macos64_1.0.200.202406191456/tools/bin/../lib/gcc/arm-none-eabi/12.3.1/thumb/v7e-m+fp/hard/crtbegin.o
 *(.init)
 .init          0x080054b4        0x4 /Applications/STM32CubeIDE.app/Contents/Eclipse/plugins/com.st.stm32cube.ide.mcu.externaltools.gnu-tools-for-stm32.12.3.rel1.macos64_1.0.200.202406191456/tools/bin/../lib/gcc/arm-none-eabi/12.3.1/thumb/v7e-m+fp/hard/crti.o
                0x080054b4                _init
 .init          0x080054b8        0x8 /Applications/STM32CubeIDE.app/Contents/Eclipse/plugins/com.st.stm32cube.ide.mcu.externaltools.gnu-tools-for-stm32.12.3.rel1.macos64_1.0.200.202406191456/tools/bin/../lib/gcc/arm-none-eabi/12.3.1/thumb/v7e-m+fp/hard/crtn.o
 *(.fini)
 .fini          0x080054c0        0x4 /Applications/STM32CubeIDE.app/Contents/Eclipse/plugins/com.st.stm32cube.ide.mcu.externaltools.gnu-tools-for-stm32.12.3.rel1.macos64_1.0.200.202406191456/tools/bin/../lib/gcc/arm-none-eabi/12.3.1/thumb/v7e-m+fp/hard/crti.o
                0x080054c0                _fini
 .fini          0x080054c4        0x8 /Applications/STM32CubeIDE.app/Contents/Eclipse/plugins/com.st.stm32cube.ide.mcu.externaltools.gnu-tools-for-stm32.12.3.rel1.macos64_1.0.200.202406191456/tools/bin/../lib/gcc/arm-none-eabi/12.3.1/thumb/v7e-m+fp/hard/crtn.o
                0x080054cc                        . = ALIGN (0x4)
                0x080054cc                        _etext = .

.vfp11_veneer   0x080054cc        0x0
 .vfp11_veneer  0x080054cc        0x0 linker stubs

.v4_bx          0x080054cc        0x0
 .v4_bx         0x080054cc        0x0 linker stubs

.iplt           0x080054cc        0x0
 .iplt          0x080054cc        0x0 /Applications/STM32CubeIDE.app/Contents/Eclipse/plugins/com.st.stm32cube.ide.mcu.externaltools.gnu-tools-for-stm32.12.3.rel1.macos64_1.0.200.202406191456/tools/bin/../lib/gcc/arm-none-eabi/12.3.1/thumb/v7e-m+fp/hard/crtbegin.o

.rodata         0x080054cc       0xe4
                0x080054cc                        . = ALIGN (0x4)
 *(.rodata)
 .rodata        0x080054cc       0x96 ./Core/Src/main.o
 *(.rodata*)
 *fill*         0x08005562        0x2 
 .rodata.AHBPrescTable
                0x08005564       0x10 ./Core/Src/system_stm32f4xx.o
                0x08005564                AHBPrescTable
 .rodata.APBPrescTable
                0x08005574        0x8 ./Core/Src/system_stm32f4xx.o
                0x08005574                APBPrescTable
 .rodata._vfprintf_r.str1.1
                0x0800557c       0x11 /Applications/STM32CubeIDE.app/Contents/Eclipse/plugins/com.st.stm32cube.ide.mcu.externaltools.gnu-tools-for-stm32.12.3.rel1.macos64_1.0.200.202406191456/tools/bin/../lib/gcc/arm-none-eabi/12.3.1/../../../../arm-none-eabi/lib/thumb/v7e-m+fp/hard/libc_nano.a(libc_a-nano-vfprintf.o)
 .rodata._printf_i.str1.1
                0x0800558d       0x22 /Applications/STM32CubeIDE.app/Contents/Eclipse/plugins/com.st.stm32cube.ide.mcu.externaltools.gnu-tools-for-stm32.12.3.rel1.macos64_1.0.200.202406191456/tools/bin/../lib/gcc/arm-none-eabi/12.3.1/../../../../arm-none-eabi/lib/thumb/v7e-m+fp/hard/libc_nano.a(libc_a-nano-vfprintf_i.o)
                0x080055b0                        . = ALIGN (0x4)
 *fill*         0x080055af        0x1 

.ARM.extab      0x080055b0        0x0
                0x080055b0                        . = ALIGN (0x4)
 *(.ARM.extab* .gnu.linkonce.armextab.*)
                0x080055b0                        . = ALIGN (0x4)

.ARM            0x080055b0        0x8
                0x080055b0                        . = ALIGN (0x4)
                0x080055b0                        __exidx_start = .
 *(.ARM.exidx*)
 .ARM.exidx     0x080055b0        0x8 /Applications/STM32CubeIDE.app/Contents/Eclipse/plugins/com.st.stm32cube.ide.mcu.externaltools.gnu-tools-for-stm32.12.3.rel1.macos64_1.0.200.202406191456/tools/bin/../lib/gcc/arm-none-eabi/12.3.1/../../../../arm-none-eabi/lib/thumb/v7e-m+fp/hard/libc_nano.a(libc_a-memchr.o)
 .ARM.exidx     0x080055b8        0x0 /Applications/STM32CubeIDE.app/Contents/Eclipse/plugins/com.st.stm32cube.ide.mcu.externaltools.gnu-tools-for-stm32.12.3.rel1.macos64_1.0.200.202406191456/tools/bin/../lib/gcc/arm-none-eabi/12.3.1/thumb/v7e-m+fp/hard/libgcc.a(_udivmoddi4.o)
                                  0x8 (size before relaxing)
                0x080055b8                        __exidx_end = .
                0x080055b8                        . = ALIGN (0x4)

.preinit_array  0x080055b8        0x0
                0x080055b8                        . = ALIGN (0x4)
                0x080055b8                        PROVIDE (__preinit_array_start = .)
 *(.preinit_array*)
                0x080055b8                        PROVIDE (__preinit_array_end = .)
                0x080055b8                        . = ALIGN (0x4)

.init_array     0x080055b8        0x4
                0x080055b8                        . = ALIGN (0x4)
                0x080055b8                        PROVIDE (__init_array_start = .)
 *(SORT_BY_NAME(.init_array.*))
 *(.init_array*)
 .init_array    0x080055b8        0x4 /Applications/STM32CubeIDE.app/Contents/Eclipse/plugins/com.st.stm32cube.ide.mcu.externaltools.gnu-tools-for-stm32.12.3.rel1.macos64_1.0.200.202406191456/tools/bin/../lib/gcc/arm-none-eabi/12.3.1/thumb/v7e-m+fp/hard/crtbegin.o
                0x080055bc                        PROVIDE (__init_array_end = .)
                0x080055bc                        . = ALIGN (0x4)

.fini_array     0x080055bc        0x4
                0x080055bc                        . = ALIGN (0x4)
                [!provide]                        PROVIDE (__fini_array_start = .)
 *(SORT_BY_NAME(.fini_array.*))
 *(.fini_array*)
 .fini_array    0x080055bc        0x4 /Applications/STM32CubeIDE.app/Contents/Eclipse/plugins/com.st.stm32cube.ide.mcu.externaltools.gnu-tools-for-stm32.12.3.rel1.macos64_1.0.200.202406191456/tools/bin/../lib/gcc/arm-none-eabi/12.3.1/thumb/v7e-m+fp/hard/crtbegin.o
                [!provide]                        PROVIDE (__fini_array_end = .)
                0x080055c0                        . = ALIGN (0x4)
                0x080055c0                        _sidata = LOADADDR (.data)

.rel.dyn        0x080055c0        0x0
 .rel.iplt      0x080055c0        0x0 /Applications/STM32CubeIDE.app/Contents/Eclipse/plugins/com.st.stm32cube.ide.mcu.externaltools.gnu-tools-for-stm32.12.3.rel1.macos64_1.0.200.202406191456/tools/bin/../lib/gcc/arm-none-eabi/12.3.1/thumb/v7e-m+fp/hard/crtbegin.o

.data           0x20000000       0x68 load address 0x080055c0
                0x20000000                        . = ALIGN (0x4)
                0x20000000                        _sdata = .
 *(.data)
 *(.data*)
 .data.SystemCoreClock
                0x20000000        0x4 ./Core/Src/system_stm32f4xx.o
                0x20000000                SystemCoreClock
 .data.uwTickPrio
                0x20000004        0x4 ./Drivers/STM32F4xx_HAL_Driver/Src/stm32f4xx_hal.o
                0x20000004                uwTickPrio
 .data.uwTickFreq
                0x20000008        0x1 ./Drivers/STM32F4xx_HAL_Driver/Src/stm32f4xx_hal.o
                0x20000008                uwTickFreq
 *fill*         0x20000009        0x3 
 .data.__sglue  0x2000000c        0xc /Applications/STM32CubeIDE.app/Contents/Eclipse/plugins/com.st.stm32cube.ide.mcu.externaltools.gnu-tools-for-stm32.12.3.rel1.macos64_1.0.200.202406191456/tools/bin/../lib/gcc/arm-none-eabi/12.3.1/../../../../arm-none-eabi/lib/thumb/v7e-m+fp/hard/libc_nano.a(libc_a-findfp.o)
                0x2000000c                __sglue
 .data._impure_ptr
                0x20000018        0x4 /Applications/STM32CubeIDE.app/Contents/Eclipse/plugins/com.st.stm32cube.ide.mcu.externaltools.gnu-tools-for-stm32.12.3.rel1.macos64_1.0.200.202406191456/tools/bin/../lib/gcc/arm-none-eabi/12.3.1/../../../../arm-none-eabi/lib/thumb/v7e-m+fp/hard/libc_nano.a(libc_a-impure.o)
                0x20000018                _impure_ptr
 .data._impure_data
                0x2000001c       0x4c /Applications/STM32CubeIDE.app/Contents/Eclipse/plugins/com.st.stm32cube.ide.mcu.externaltools.gnu-tools-for-stm32.12.3.rel1.macos64_1.0.200.202406191456/tools/bin/../lib/gcc/arm-none-eabi/12.3.1/../../../../arm-none-eabi/lib/thumb/v7e-m+fp/hard/libc_nano.a(libc_a-impure.o)
                0x2000001c                _impure_data
 *(.RamFunc)
 *(.RamFunc*)
                0x20000068                        . = ALIGN (0x4)
                0x20000068                        _edata = .

.igot.plt       0x20000068        0x0 load address 0x08005628
 .igot.plt      0x20000068        0x0 /Applications/STM32CubeIDE.app/Contents/Eclipse/plugins/com.st.stm32cube.ide.mcu.externaltools.gnu-tools-for-stm32.12.3.rel1.macos64_1.0.200.202406191456/tools/bin/../lib/gcc/arm-none-eabi/12.3.1/thumb/v7e-m+fp/hard/crtbegin.o
                0x20000068                        . = ALIGN (0x4)

.bss            0x20000068      0x27c load address 0x08005628
                0x20000068                        _sbss = .
                0x20000068                        __bss_start__ = _sbss
 *(.bss)
 .bss           0x20000068       0x1c /Applications/STM32CubeIDE.app/Contents/Eclipse/plugins/com.st.stm32cube.ide.mcu.externaltools.gnu-tools-for-stm32.12.3.rel1.macos64_1.0.200.202406191456/tools/bin/../lib/gcc/arm-none-eabi/12.3.1/thumb/v7e-m+fp/hard/crtbegin.o
 *(.bss*)
 .bss.hcan2     0x20000084       0x28 ./Core/Src/can.o
                0x20000084                hcan2
 .bss.hi2c1     0x200000ac       0x54 ./Core/Src/i2c.o
                0x200000ac                hi2c1
 .bss.__sbrk_heap_end
                0x20000100        0x4 ./Core/Src/sysmem.o
 .bss.huart1    0x20000104       0x48 ./Core/Src/usart.o
                0x20000104                huart1
 .bss.huart2    0x2000014c       0x48 ./Core/Src/usart.o
                0x2000014c                huart2
 .bss.uwTick    0x20000194        0x4 ./Drivers/STM32F4xx_HAL_Driver/Src/stm32f4xx_hal.o
                0x20000194                uwTick
 .bss.__sf      0x20000198      0x138 /Applications/STM32CubeIDE.app/Contents/Eclipse/plugins/com.st.stm32cube.ide.mcu.externaltools.gnu-tools-for-stm32.12.3.rel1.macos64_1.0.200.202406191456/tools/bin/../lib/gcc/arm-none-eabi/12.3.1/../../../../arm-none-eabi/lib/thumb/v7e-m+fp/hard/libc_nano.a(libc_a-findfp.o)
                0x20000198                __sf
 .bss.__stdio_exit_handler
                0x200002d0        0x4 /Applications/STM32CubeIDE.app/Contents/Eclipse/plugins/com.st.stm32cube.ide.mcu.externaltools.gnu-tools-for-stm32.12.3.rel1.macos64_1.0.200.202406191456/tools/bin/../lib/gcc/arm-none-eabi/12.3.1/../../../../arm-none-eabi/lib/thumb/v7e-m+fp/hard/libc_nano.a(libc_a-findfp.o)
                0x200002d0                __stdio_exit_handler
 .bss.__lock___malloc_recursive_mutex
                0x200002d4        0x1 /Applications/STM32CubeIDE.app/Contents/Eclipse/plugins/com.st.stm32cube.ide.mcu.externaltools.gnu-tools-for-stm32.12.3.rel1.macos64_1.0.200.202406191456/tools/bin/../lib/gcc/arm-none-eabi/12.3.1/../../../../arm-none-eabi/lib/thumb/v7e-m+fp/hard/libc_nano.a(libc_a-lock.o)
                0x200002d4                __lock___malloc_recursive_mutex
 .bss.__lock___sfp_recursive_mutex
                0x200002d5        0x1 /Applications/STM32CubeIDE.app/Contents/Eclipse/plugins/com.st.stm32cube.ide.mcu.externaltools.gnu-tools-for-stm32.12.3.rel1.macos64_1.0.200.202406191456/tools/bin/../lib/gcc/arm-none-eabi/12.3.1/../../../../arm-none-eabi/lib/thumb/v7e-m+fp/hard/libc_nano.a(libc_a-lock.o)
                0x200002d5                __lock___sfp_recursive_mutex
 *fill*         0x200002d6        0x2 
 .bss.__malloc_sbrk_start
                0x200002d8        0x4 /Applications/STM32CubeIDE.app/Contents/Eclipse/plugins/com.st.stm32cube.ide.mcu.externaltools.gnu-tools-for-stm32.12.3.rel1.macos64_1.0.200.202406191456/tools/bin/../lib/gcc/arm-none-eabi/12.3.1/../../../../arm-none-eabi/lib/thumb/v7e-m+fp/hard/libc_nano.a(libc_a-mallocr.o)
                0x200002d8                __malloc_sbrk_start
 .bss.__malloc_free_list
                0x200002dc        0x4 /Applications/STM32CubeIDE.app/Contents/Eclipse/plugins/com.st.stm32cube.ide.mcu.externaltools.gnu-tools-for-stm32.12.3.rel1.macos64_1.0.200.202406191456/tools/bin/../lib/gcc/arm-none-eabi/12.3.1/../../../../arm-none-eabi/lib/thumb/v7e-m+fp/hard/libc_nano.a(libc_a-mallocr.o)
                0x200002dc                __malloc_free_list
 .bss.errno     0x200002e0        0x4 /Applications/STM32CubeIDE.app/Contents/Eclipse/plugins/com.st.stm32cube.ide.mcu.externaltools.gnu-tools-for-stm32.12.3.rel1.macos64_1.0.200.202406191456/tools/bin/../lib/gcc/arm-none-eabi/12.3.1/../../../../arm-none-eabi/lib/thumb/v7e-m+fp/hard/libc_nano.a(libc_a-reent.o)
                0x200002e0                errno
 *(COMMON)
                0x200002e4                        . = ALIGN (0x4)
                0x200002e4                        _ebss = .
                0x200002e4                        __bss_end__ = _ebss

._user_heap_stack
                0x200002e4      0x604 load address 0x08005628
                0x200002e8                        . = ALIGN (0x8)
 *fill*         0x200002e4        0x4 
                [!provide]                        PROVIDE (end = .)
                0x200002e8                        PROVIDE (_end = .)
                0x200004e8                        . = (. + _Min_Heap_Size)
 *fill*         0x200002e8      0x200 
                0x200008e8                        . = (. + _Min_Stack_Size)
 *fill*         0x200004e8      0x400 
                0x200008e8                        . = ALIGN (0x8)

/DISCARD/
 libc.a(*)
 libm.a(*)
 libgcc.a(*)

.ARM.attributes
                0x00000000       0x30
 *(.ARM.attributes)
 .ARM.attributes
                0x00000000       0x22 /Applications/STM32CubeIDE.app/Contents/Eclipse/plugins/com.st.stm32cube.ide.mcu.externaltools.gnu-tools-for-stm32.12.3.rel1.macos64_1.0.200.202406191456/tools/bin/../lib/gcc/arm-none-eabi/12.3.1/thumb/v7e-m+fp/hard/crti.o
 .ARM.attributes
                0x00000022       0x34 /Applications/STM32CubeIDE.app/Contents/Eclipse/plugins/com.st.stm32cube.ide.mcu.externaltools.gnu-tools-for-stm32.12.3.rel1.macos64_1.0.200.202406191456/tools/bin/../lib/gcc/arm-none-eabi/12.3.1/thumb/v7e-m+fp/hard/crtbegin.o
 .ARM.attributes
                0x00000056       0x34 ./Core/Src/can.o
 .ARM.attributes
                0x0000008a       0x34 ./Core/Src/gpio.o
 .ARM.attributes
                0x000000be       0x34 ./Core/Src/i2c.o
 .ARM.attributes
                0x000000f2       0x34 ./Core/Src/main.o
 .ARM.attributes
                0x00000126       0x34 ./Core/Src/stm32f4xx_hal_msp.o
 .ARM.attributes
                0x0000015a       0x34 ./Core/Src/stm32f4xx_it.o
 .ARM.attributes
                0x0000018e       0x34 ./Core/Src/syscalls.o
 .ARM.attributes
                0x000001c2       0x34 ./Core/Src/sysmem.o
 .ARM.attributes
                0x000001f6       0x34 ./Core/Src/system_stm32f4xx.o
 .ARM.attributes
                0x0000022a       0x34 ./Core/Src/usart.o
 .ARM.attributes
                0x0000025e       0x21 ./Core/Startup/startup_stm32f446retx.o
 .ARM.attributes
                0x0000027f       0x34 ./Drivers/STM32F4xx_HAL_Driver/Src/stm32f4xx_hal.o
 .ARM.attributes
                0x000002b3       0x34 ./Drivers/STM32F4xx_HAL_Driver/Src/stm32f4xx_hal_can.o
 .ARM.attributes
                0x000002e7       0x34 ./Drivers/STM32F4xx_HAL_Driver/Src/stm32f4xx_hal_cortex.o
 .ARM.attributes
                0x0000031b       0x34 ./Drivers/STM32F4xx_HAL_Driver/Src/stm32f4xx_hal_dma.o
 .ARM.attributes
                0x0000034f       0x34 ./Drivers/STM32F4xx_HAL_Driver/Src/stm32f4xx_hal_gpio.o
 .ARM.attributes
                0x00000383       0x34 ./Drivers/STM32F4xx_HAL_Driver/Src/stm32f4xx_hal_i2c.o
 .ARM.attributes
                0x000003b7       0x34 ./Drivers/STM32F4xx_HAL_Driver/Src/stm32f4xx_hal_rcc.o
 .ARM.attributes
                0x000003eb       0x34 ./Drivers/STM32F4xx_HAL_Driver/Src/stm32f4xx_hal_rcc_ex.o
 .ARM.attributes
                0x0000041f       0x34 ./Drivers/STM32F4xx_HAL_Driver/Src/stm32f4xx_hal_uart.o
 .ARM.attributes
                0x00000453       0x34 /Applications/STM32CubeIDE.app/Contents/Eclipse/plugins/com.st.stm32cube.ide.mcu.externaltools.gnu-tools-for-stm32.12.3.rel1.macos64_1.0.200.202406191456/tools/bin/../lib/gcc/arm-none-eabi/12.3.1/../../../../arm-none-eabi/lib/thumb/v7e-m+fp/hard/libc_nano.a(libc_a-findfp.o)
 .ARM.attributes
                0x00000487       0x34 /Applications/STM32CubeIDE.app/Contents/Eclipse/plugins/com.st.stm32cube.ide.mcu.externaltools.gnu-tools-for-stm32.12.3.rel1.macos64_1.0.200.202406191456/tools/bin/../lib/gcc/arm-none-eabi/12.3.1/../../../../arm-none-eabi/lib/thumb/v7e-m+fp/hard/libc_nano.a(libc_a-fwalk.o)
 .ARM.attributes
                0x000004bb       0x34 /Applications/STM32CubeIDE.app/Contents/Eclipse/plugins/com.st.stm32cube.ide.mcu.externaltools.gnu-tools-for-stm32.12.3.rel1.macos64_1.0.200.202406191456/tools/bin/../lib/gcc/arm-none-eabi/12.3.1/../../../../arm-none-eabi/lib/thumb/v7e-m+fp/hard/libc_nano.a(libc_a-printf.o)
 .ARM.attributes
                0x000004ef       0x34 /Applications/STM32CubeIDE.app/Contents/Eclipse/plugins/com.st.stm32cube.ide.mcu.externaltools.gnu-tools-for-stm32.12.3.rel1.macos64_1.0.200.202406191456/tools/bin/../lib/gcc/arm-none-eabi/12.3.1/../../../../arm-none-eabi/lib/thumb/v7e-m+fp/hard/libc_nano.a(libc_a-puts.o)
 .ARM.attributes
                0x00000523       0x34 /Applications/STM32CubeIDE.app/Contents/Eclipse/plugins/com.st.stm32cube.ide.mcu.externaltools.gnu-tools-for-stm32.12.3.rel1.macos64_1.0.200.202406191456/tools/bin/../lib/gcc/arm-none-eabi/12.3.1/../../../../arm-none-eabi/lib/thumb/v7e-m+fp/hard/libc_nano.a(libc_a-memset.o)
 .ARM.attributes
                0x00000557       0x34 /Applications/STM32CubeIDE.app/Contents/Eclipse/plugins/com.st.stm32cube.ide.mcu.externaltools.gnu-tools-for-stm32.12.3.rel1.macos64_1.0.200.202406191456/tools/bin/../lib/gcc/arm-none-eabi/12.3.1/../../../../arm-none-eabi/lib/thumb/v7e-m+fp/hard/libc_nano.a(libc_a-impure.o)
 .ARM.attributes
                0x0000058b       0x34 /Applications/STM32CubeIDE.app/Contents/Eclipse/plugins/com.st.stm32cube.ide.mcu.externaltools.gnu-tools-for-stm32.12.3.rel1.macos64_1.0.200.202406191456/tools/bin/../lib/gcc/arm-none-eabi/12.3.1/../../../../arm-none-eabi/lib/thumb/v7e-m+fp/hard/libc_nano.a(libc_a-errno.o)
 .ARM.attributes
                0x000005bf       0x34 /Applications/STM32CubeIDE.app/Contents/Eclipse/plugins/com.st.stm32cube.ide.mcu.externaltools.gnu-tools-for-stm32.12.3.rel1.macos64_1.0.200.202406191456/tools/bin/../lib/gcc/arm-none-eabi/12.3.1/../../../../arm-none-eabi/lib/thumb/v7e-m+fp/hard/libc_nano.a(libc_a-init.o)
 .ARM.attributes
                0x000005f3       0x34 /Applications/STM32CubeIDE.app/Contents/Eclipse/plugins/com.st.stm32cube.ide.mcu.externaltools.gnu-tools-for-stm32.12.3.rel1.macos64_1.0.200.202406191456/tools/bin/../lib/gcc/arm-none-eabi/12.3.1/../../../../arm-none-eabi/lib/thumb/v7e-m+fp/hard/libc_nano.a(libc_a-lock.o)
 .ARM.attributes
                0x00000627       0x34 /Applications/STM32CubeIDE.app/Contents/Eclipse/plugins/com.st.stm32cube.ide.mcu.externaltools.gnu-tools-for-stm32.12.3.rel1.macos64_1.0.200.202406191456/tools/bin/../lib/gcc/arm-none-eabi/12.3.1/../../../../arm-none-eabi/lib/thumb/v7e-m+fp/hard/libc_nano.a(libc_a-nano-vfprintf.o)
 .ARM.attributes
                0x0000065b       0x34 /Applications/STM32CubeIDE.app/Contents/Eclipse/plugins/com.st.stm32cube.ide.mcu.externaltools.gnu-tools-for-stm32.12.3.rel1.macos64_1.0.200.202406191456/tools/bin/../lib/gcc/arm-none-eabi/12.3.1/../../../../arm-none-eabi/lib/thumb/v7e-m+fp/hard/libc_nano.a(libc_a-mallocr.o)
 .ARM.attributes
                0x0000068f       0x34 /Applications/STM32CubeIDE.app/Contents/Eclipse/plugins/com.st.stm32cube.ide.mcu.externaltools.gnu-tools-for-stm32.12.3.rel1.macos64_1.0.200.202406191456/tools/bin/../lib/gcc/arm-none-eabi/12.3.1/../../../../arm-none-eabi/lib/thumb/v7e-m+fp/hard/libc_nano.a(libc_a-nano-vfprintf_i.o)
 .ARM.attributes
                0x000006c3       0x34 /Applications/STM32CubeIDE.app/Contents/Eclipse/plugins/com.st.stm32cube.ide.mcu.externaltools.gnu-tools-for-stm32.12.3.rel1.macos64_1.0.200.202406191456/tools/bin/../lib/gcc/arm-none-eabi/12.3.1/../../../../arm-none-eabi/lib/thumb/v7e-m+fp/hard/libc_nano.a(libc_a-fflush.o)
 .ARM.attributes
                0x000006f7       0x34 /Applications/STM32CubeIDE.app/Contents/Eclipse/plugins/com.st.stm32cube.ide.mcu.externaltools.gnu-tools-for-stm32.12.3.rel1.macos64_1.0.200.202406191456/tools/bin/../lib/gcc/arm-none-eabi/12.3.1/../../../../arm-none-eabi/lib/thumb/v7e-m+fp/hard/libc_nano.a(libc_a-mlock.o)
 .ARM.attributes
                0x0000072b       0x34 /Applications/STM32CubeIDE.app/Contents/Eclipse/plugins/com.st.stm32cube.ide.mcu.externaltools.gnu-tools-for-stm32.12.3.rel1.macos64_1.0.200.202406191456/tools/bin/../lib/gcc/arm-none-eabi/12.3.1/../../../../arm-none-eabi/lib/thumb/v7e-m+fp/hard/libc_nano.a(libc_a-stdio.o)
 .ARM.attributes
                0x0000075f       0x34 /Applications/STM32CubeIDE.app/Contents/Eclipse/plugins/com.st.stm32cube.ide.mcu.externaltools.gnu-tools-for-stm32.12.3.rel1.macos64_1.0.200.202406191456/tools/bin/../lib/gcc/arm-none-eabi/12.3.1/../../../../arm-none-eabi/lib/thumb/v7e-m+fp/hard/libc_nano.a(libc_a-wbuf.o)
 .ARM.attributes
                0x00000793       0x34 /Applications/STM32CubeIDE.app/Contents/Eclipse/plugins/com.st.stm32cube.ide.mcu.externaltools.gnu-tools-for-stm32.12.3.rel1.macos64_1.0.200.202406191456/tools/bin/../lib/gcc/arm-none-eabi/12.3.1/../../../../arm-none-eabi/lib/thumb/v7e-m+fp/hard/libc_nano.a(libc_a-wsetup.o)
 .ARM.attributes
                0x000007c7       0x34 /Applications/STM32CubeIDE.app/Contents/Eclipse/plugins/com.st.stm32cube.ide.mcu.externaltools.gnu-tools-for-stm32.12.3.rel1.macos64_1.0.200.202406191456/tools/bin/../lib/gcc/arm-none-eabi/12.3.1/../../../../arm-none-eabi/lib/thumb/v7e-m+fp/hard/libc_nano.a(libc_a-makebuf.o)
 .ARM.attributes
                0x000007fb       0x34 /Applications/STM32CubeIDE.app/Contents/Eclipse/plugins/com.st.stm32cube.ide.mcu.externaltools.gnu-tools-for-stm32.12.3.rel1.macos64_1.0.200.202406191456/tools/bin/../lib/gcc/arm-none-eabi/12.3.1/../../../../arm-none-eabi/lib/thumb/v7e-m+fp/hard/libc_nano.a(libc_a-closer.o)
 .ARM.attributes
                0x0000082f       0x34 /Applications/STM32CubeIDE.app/Contents/Eclipse/plugins/com.st.stm32cube.ide.mcu.externaltools.gnu-tools-for-stm32.12.3.rel1.macos64_1.0.200.202406191456/tools/bin/../lib/gcc/arm-none-eabi/12.3.1/../../../../arm-none-eabi/lib/thumb/v7e-m+fp/hard/libc_nano.a(libc_a-reent.o)
 .ARM.attributes
                0x00000863       0x34 /Applications/STM32CubeIDE.app/Contents/Eclipse/plugins/com.st.stm32cube.ide.mcu.externaltools.gnu-tools-for-stm32.12.3.rel1.macos64_1.0.200.202406191456/tools/bin/../lib/gcc/arm-none-eabi/12.3.1/../../../../arm-none-eabi/lib/thumb/v7e-m+fp/hard/libc_nano.a(libc_a-fstatr.o)
 .ARM.attributes
                0x00000897       0x34 /Applications/STM32CubeIDE.app/Contents/Eclipse/plugins/com.st.stm32cube.ide.mcu.externaltools.gnu-tools-for-stm32.12.3.rel1.macos64_1.0.200.202406191456/tools/bin/../lib/gcc/arm-none-eabi/12.3.1/../../../../arm-none-eabi/lib/thumb/v7e-m+fp/hard/libc_nano.a(libc_a-isattyr.o)
 .ARM.attributes
                0x000008cb       0x34 /Applications/STM32CubeIDE.app/Contents/Eclipse/plugins/com.st.stm32cube.ide.mcu.externaltools.gnu-tools-for-stm32.12.3.rel1.macos64_1.0.200.202406191456/tools/bin/../lib/gcc/arm-none-eabi/12.3.1/../../../../arm-none-eabi/lib/thumb/v7e-m+fp/hard/libc_nano.a(libc_a-lseekr.o)
 .ARM.attributes
                0x000008ff       0x34 /Applications/STM32CubeIDE.app/Contents/Eclipse/plugins/com.st.stm32cube.ide.mcu.externaltools.gnu-tools-for-stm32.12.3.rel1.macos64_1.0.200.202406191456/tools/bin/../lib/gcc/arm-none-eabi/12.3.1/../../../../arm-none-eabi/lib/thumb/v7e-m+fp/hard/libc_nano.a(libc_a-readr.o)
 .ARM.attributes
                0x00000933       0x34 /Applications/STM32CubeIDE.app/Contents/Eclipse/plugins/com.st.stm32cube.ide.mcu.externaltools.gnu-tools-for-stm32.12.3.rel1.macos64_1.0.200.202406191456/tools/bin/../lib/gcc/arm-none-eabi/12.3.1/../../../../arm-none-eabi/lib/thumb/v7e-m+fp/hard/libc_nano.a(libc_a-sbrkr.o)
 .ARM.attributes
                0x00000967       0x34 /Applications/STM32CubeIDE.app/Contents/Eclipse/plugins/com.st.stm32cube.ide.mcu.externaltools.gnu-tools-for-stm32.12.3.rel1.macos64_1.0.200.202406191456/tools/bin/../lib/gcc/arm-none-eabi/12.3.1/../../../../arm-none-eabi/lib/thumb/v7e-m+fp/hard/libc_nano.a(libc_a-writer.o)
 .ARM.attributes
                0x0000099b       0x1c /Applications/STM32CubeIDE.app/Contents/Eclipse/plugins/com.st.stm32cube.ide.mcu.externaltools.gnu-tools-for-stm32.12.3.rel1.macos64_1.0.200.202406191456/tools/bin/../lib/gcc/arm-none-eabi/12.3.1/../../../../arm-none-eabi/lib/thumb/v7e-m+fp/hard/libc_nano.a(libc_a-memchr.o)
 .ARM.attributes
                0x000009b7       0x34 /Applications/STM32CubeIDE.app/Contents/Eclipse/plugins/com.st.stm32cube.ide.mcu.externaltools.gnu-tools-for-stm32.12.3.rel1.macos64_1.0.200.202406191456/tools/bin/../lib/gcc/arm-none-eabi/12.3.1/../../../../arm-none-eabi/lib/thumb/v7e-m+fp/hard/libc_nano.a(libc_a-freer.o)
 .ARM.attributes
                0x000009eb       0x22 /Applications/STM32CubeIDE.app/Contents/Eclipse/plugins/com.st.stm32cube.ide.mcu.externaltools.gnu-tools-for-stm32.12.3.rel1.macos64_1.0.200.202406191456/tools/bin/../lib/gcc/arm-none-eabi/12.3.1/thumb/v7e-m+fp/hard/libgcc.a(_aeabi_uldivmod.o)
 .ARM.attributes
                0x00000a0d       0x34 /Applications/STM32CubeIDE.app/Contents/Eclipse/plugins/com.st.stm32cube.ide.mcu.externaltools.gnu-tools-for-stm32.12.3.rel1.macos64_1.0.200.202406191456/tools/bin/../lib/gcc/arm-none-eabi/12.3.1/thumb/v7e-m+fp/hard/libgcc.a(_udivmoddi4.o)
 .ARM.attributes
                0x00000a41       0x22 /Applications/STM32CubeIDE.app/Contents/Eclipse/plugins/com.st.stm32cube.ide.mcu.externaltools.gnu-tools-for-stm32.12.3.rel1.macos64_1.0.200.202406191456/tools/bin/../lib/gcc/arm-none-eabi/12.3.1/thumb/v7e-m+fp/hard/libgcc.a(_dvmd_tls.o)
 .ARM.attributes
                0x00000a63       0x22 /Applications/STM32CubeIDE.app/Contents/Eclipse/plugins/com.st.stm32cube.ide.mcu.externaltools.gnu-tools-for-stm32.12.3.rel1.macos64_1.0.200.202406191456/tools/bin/../lib/gcc/arm-none-eabi/12.3.1/thumb/v7e-m+fp/hard/crtn.o
OUTPUT(Tp_capteurs_reseaux.elf elf32-littlearm)
LOAD linker stubs
LOAD /Applications/STM32CubeIDE.app/Contents/Eclipse/plugins/com.st.stm32cube.ide.mcu.externaltools.gnu-tools-for-stm32.12.3.rel1.macos64_1.0.200.202406191456/tools/bin/../lib/gcc/arm-none-eabi/12.3.1/../../../../arm-none-eabi/lib/thumb/v7e-m+fp/hard/libc.a
LOAD /Applications/STM32CubeIDE.app/Contents/Eclipse/plugins/com.st.stm32cube.ide.mcu.externaltools.gnu-tools-for-stm32.12.3.rel1.macos64_1.0.200.202406191456/tools/bin/../lib/gcc/arm-none-eabi/12.3.1/../../../../arm-none-eabi/lib/thumb/v7e-m+fp/hard/libm.a
LOAD /Applications/STM32CubeIDE.app/Contents/Eclipse/plugins/com.st.stm32cube.ide.mcu.externaltools.gnu-tools-for-stm32.12.3.rel1.macos64_1.0.200.202406191456/tools/bin/../lib/gcc/arm-none-eabi/12.3.1/thumb/v7e-m+fp/hard/libgcc.a

.debug_info     0x00000000     0xe6c8
 .debug_info    0x00000000      0x89c ./Core/Src/can.o
 .debug_info    0x0000089c      0x439 ./Core/Src/gpio.o
 .debug_info    0x00000cd5      0x9a4 ./Core/Src/i2c.o
 .debug_info    0x00001679      0xc23 ./Core/Src/main.o
 .debug_info    0x0000229c      0x810 ./Core/Src/stm32f4xx_hal_msp.o
 .debug_info    0x00002aac      0x639 ./Core/Src/stm32f4xx_it.o
 .debug_info    0x000030e5      0x6a3 ./Core/Src/syscalls.o
 .debug_info    0x00003788      0x168 ./Core/Src/sysmem.o
 .debug_info    0x000038f0      0x54a ./Core/Src/system_stm32f4xx.o
 .debug_info    0x00003e3a      0xc33 ./Core/Src/usart.o
 .debug_info    0x00004a6d       0x30 ./Core/Startup/startup_stm32f446retx.o
 .debug_info    0x00004a9d      0x99a ./Drivers/STM32F4xx_HAL_Driver/Src/stm32f4xx_hal.o
 .debug_info    0x00005437      0xf44 ./Drivers/STM32F4xx_HAL_Driver/Src/stm32f4xx_hal_can.o
 .debug_info    0x0000637b      0xdaa ./Drivers/STM32F4xx_HAL_Driver/Src/stm32f4xx_hal_cortex.o
 .debug_info    0x00007125      0x8e7 ./Drivers/STM32F4xx_HAL_Driver/Src/stm32f4xx_hal_dma.o
 .debug_info    0x00007a0c      0x70b ./Drivers/STM32F4xx_HAL_Driver/Src/stm32f4xx_hal_gpio.o
 .debug_info    0x00008117     0x2421 ./Drivers/STM32F4xx_HAL_Driver/Src/stm32f4xx_hal_i2c.o
 .debug_info    0x0000a538      0x8eb ./Drivers/STM32F4xx_HAL_Driver/Src/stm32f4xx_hal_rcc.o
 .debug_info    0x0000ae23      0x956 ./Drivers/STM32F4xx_HAL_Driver/Src/stm32f4xx_hal_rcc_ex.o
 .debug_info    0x0000b779     0x2f4f ./Drivers/STM32F4xx_HAL_Driver/Src/stm32f4xx_hal_uart.o

.debug_abbrev   0x00000000     0x26e0
 .debug_abbrev  0x00000000      0x200 ./Core/Src/can.o
 .debug_abbrev  0x00000200      0x152 ./Core/Src/gpio.o
 .debug_abbrev  0x00000352      0x1f1 ./Core/Src/i2c.o
 .debug_abbrev  0x00000543      0x258 ./Core/Src/main.o
 .debug_abbrev  0x0000079b      0x1c3 ./Core/Src/stm32f4xx_hal_msp.o
 .debug_abbrev  0x0000095e      0x175 ./Core/Src/stm32f4xx_it.o
 .debug_abbrev  0x00000ad3      0x1b6 ./Core/Src/syscalls.o
 .debug_abbrev  0x00000c89       0xbc ./Core/Src/sysmem.o
 .debug_abbrev  0x00000d45      0x11a ./Core/Src/system_stm32f4xx.o
 .debug_abbrev  0x00000e5f      0x21e ./Core/Src/usart.o
 .debug_abbrev  0x0000107d       0x24 ./Core/Startup/startup_stm32f446retx.o
 .debug_abbrev  0x000010a1      0x214 ./Drivers/STM32F4xx_HAL_Driver/Src/stm32f4xx_hal.o
 .debug_abbrev  0x000012b5      0x25a ./Drivers/STM32F4xx_HAL_Driver/Src/stm32f4xx_hal_can.o
 .debug_abbrev  0x0000150f      0x31d ./Drivers/STM32F4xx_HAL_Driver/Src/stm32f4xx_hal_cortex.o
 .debug_abbrev  0x0000182c      0x264 ./Drivers/STM32F4xx_HAL_Driver/Src/stm32f4xx_hal_dma.o
 .debug_abbrev  0x00001a90      0x1d4 ./Drivers/STM32F4xx_HAL_Driver/Src/stm32f4xx_hal_gpio.o
 .debug_abbrev  0x00001c64      0x2ad ./Drivers/STM32F4xx_HAL_Driver/Src/stm32f4xx_hal_i2c.o
 .debug_abbrev  0x00001f11      0x2b7 ./Drivers/STM32F4xx_HAL_Driver/Src/stm32f4xx_hal_rcc.o
 .debug_abbrev  0x000021c8      0x20a ./Drivers/STM32F4xx_HAL_Driver/Src/stm32f4xx_hal_rcc_ex.o
 .debug_abbrev  0x000023d2      0x30e ./Drivers/STM32F4xx_HAL_Driver/Src/stm32f4xx_hal_uart.o

.debug_aranges  0x00000000      0xc80
 .debug_aranges
                0x00000000       0x30 ./Core/Src/can.o
 .debug_aranges
                0x00000030       0x20 ./Core/Src/gpio.o
 .debug_aranges
                0x00000050       0x30 ./Core/Src/i2c.o
 .debug_aranges
                0x00000080       0x30 ./Core/Src/main.o
 .debug_aranges
                0x000000b0       0x28 ./Core/Src/stm32f4xx_hal_msp.o
 .debug_aranges
                0x000000d8       0x68 ./Core/Src/stm32f4xx_it.o
 .debug_aranges
                0x00000140       0xa8 ./Core/Src/syscalls.o
 .debug_aranges
                0x000001e8       0x20 ./Core/Src/sysmem.o
 .debug_aranges
                0x00000208       0x28 ./Core/Src/system_stm32f4xx.o
 .debug_aranges
                0x00000230       0x38 ./Core/Src/usart.o
 .debug_aranges
                0x00000268       0x28 ./Core/Startup/startup_stm32f446retx.o
 .debug_aranges
                0x00000290       0xf0 ./Drivers/STM32F4xx_HAL_Driver/Src/stm32f4xx_hal.o
 .debug_aranges
                0x00000380      0x138 ./Drivers/STM32F4xx_HAL_Driver/Src/stm32f4xx_hal_can.o
 .debug_aranges
                0x000004b8      0x130 ./Drivers/STM32F4xx_HAL_Driver/Src/stm32f4xx_hal_cortex.o
 .debug_aranges
                0x000005e8       0x90 ./Drivers/STM32F4xx_HAL_Driver/Src/stm32f4xx_hal_dma.o
 .debug_aranges
                0x00000678       0x58 ./Drivers/STM32F4xx_HAL_Driver/Src/stm32f4xx_hal_gpio.o
 .debug_aranges
                0x000006d0      0x2a8 ./Drivers/STM32F4xx_HAL_Driver/Src/stm32f4xx_hal_i2c.o
 .debug_aranges
                0x00000978       0x88 ./Drivers/STM32F4xx_HAL_Driver/Src/stm32f4xx_hal_rcc.o
 .debug_aranges
                0x00000a00       0x78 ./Drivers/STM32F4xx_HAL_Driver/Src/stm32f4xx_hal_rcc_ex.o
 .debug_aranges
                0x00000a78      0x208 ./Drivers/STM32F4xx_HAL_Driver/Src/stm32f4xx_hal_uart.o

.debug_rnglists
                0x00000000      0x9a4
 .debug_rnglists
                0x00000000       0x20 ./Core/Src/can.o
 .debug_rnglists
                0x00000020       0x14 ./Core/Src/gpio.o
 .debug_rnglists
                0x00000034       0x20 ./Core/Src/i2c.o
 .debug_rnglists
                0x00000054       0x21 ./Core/Src/main.o
 .debug_rnglists
                0x00000075       0x19 ./Core/Src/stm32f4xx_hal_msp.o
 .debug_rnglists
                0x0000008e       0x49 ./Core/Src/stm32f4xx_it.o
 .debug_rnglists
                0x000000d7       0x79 ./Core/Src/syscalls.o
 .debug_rnglists
                0x00000150       0x13 ./Core/Src/sysmem.o
 .debug_rnglists
                0x00000163       0x1a ./Core/Src/system_stm32f4xx.o
 .debug_rnglists
                0x0000017d       0x26 ./Core/Src/usart.o
 .debug_rnglists
                0x000001a3       0x19 ./Core/Startup/startup_stm32f446retx.o
 .debug_rnglists
                0x000001bc       0xaf ./Drivers/STM32F4xx_HAL_Driver/Src/stm32f4xx_hal.o
 .debug_rnglists
                0x0000026b       0xee ./Drivers/STM32F4xx_HAL_Driver/Src/stm32f4xx_hal_can.o
 .debug_rnglists
                0x00000359       0xe0 ./Drivers/STM32F4xx_HAL_Driver/Src/stm32f4xx_hal_cortex.o
 .debug_rnglists
                0x00000439       0x70 ./Drivers/STM32F4xx_HAL_Driver/Src/stm32f4xx_hal_dma.o
 .debug_rnglists
                0x000004a9       0x3f ./Drivers/STM32F4xx_HAL_Driver/Src/stm32f4xx_hal_gpio.o
 .debug_rnglists
                0x000004e8      0x23c ./Drivers/STM32F4xx_HAL_Driver/Src/stm32f4xx_hal_i2c.o
 .debug_rnglists
                0x00000724       0x66 ./Drivers/STM32F4xx_HAL_Driver/Src/stm32f4xx_hal_rcc.o
 .debug_rnglists
                0x0000078a       0x5e ./Drivers/STM32F4xx_HAL_Driver/Src/stm32f4xx_hal_rcc_ex.o
 .debug_rnglists
                0x000007e8      0x1bc ./Drivers/STM32F4xx_HAL_Driver/Src/stm32f4xx_hal_uart.o

.debug_macro    0x00000000    0x231fe
 .debug_macro   0x00000000      0x1f6 ./Core/Src/can.o
 .debug_macro   0x000001f6      0xab4 ./Core/Src/can.o
 .debug_macro   0x00000caa      0x2a1 ./Core/Src/can.o
 .debug_macro   0x00000f4b       0x2e ./Core/Src/can.o
 .debug_macro   0x00000f79       0x28 ./Core/Src/can.o
 .debug_macro   0x00000fa1       0x22 ./Core/Src/can.o
 .debug_macro   0x00000fc3       0x8e ./Core/Src/can.o
 .debug_macro   0x00001051       0x51 ./Core/Src/can.o
 .debug_macro   0x000010a2      0x103 ./Core/Src/can.o
 .debug_macro   0x000011a5       0x6a ./Core/Src/can.o
 .debug_macro   0x0000120f      0x1df ./Core/Src/can.o
 .debug_macro   0x000013ee       0x1c ./Core/Src/can.o
 .debug_macro   0x0000140a       0x22 ./Core/Src/can.o
 .debug_macro   0x0000142c       0xfb ./Core/Src/can.o
 .debug_macro   0x00001527     0x1011 ./Core/Src/can.o
 .debug_macro   0x00002538      0x11f ./Core/Src/can.o
 .debug_macro   0x00002657    0x16749 ./Core/Src/can.o
 .debug_macro   0x00018da0       0x6d ./Core/Src/can.o
 .debug_macro   0x00018e0d     0x369a ./Core/Src/can.o
 .debug_macro   0x0001c4a7      0x189 ./Core/Src/can.o
 .debug_macro   0x0001c630       0x5c ./Core/Src/can.o
 .debug_macro   0x0001c68c      0xca5 ./Core/Src/can.o
 .debug_macro   0x0001d331      0x9e9 ./Core/Src/can.o
 .debug_macro   0x0001dd1a      0x115 ./Core/Src/can.o
 .debug_macro   0x0001de2f      0x1a0 ./Core/Src/can.o
 .debug_macro   0x0001dfcf       0xa5 ./Core/Src/can.o
 .debug_macro   0x0001e074      0x16d ./Core/Src/can.o
 .debug_macro   0x0001e1e1      0x287 ./Core/Src/can.o
 .debug_macro   0x0001e468       0x5f ./Core/Src/can.o
 .debug_macro   0x0001e4c7      0x236 ./Core/Src/can.o
 .debug_macro   0x0001e6fd      0x40f ./Core/Src/can.o
 .debug_macro   0x0001eb0c      0x132 ./Core/Src/can.o
 .debug_macro   0x0001ec3e      0x29c ./Core/Src/can.o
 .debug_macro   0x0001eeda       0x2e ./Core/Src/can.o
 .debug_macro   0x0001ef08      0x1b5 ./Core/Src/can.o
 .debug_macro   0x0001f0bd       0x22 ./Core/Src/can.o
 .debug_macro   0x0001f0df       0xd6 ./Core/Src/can.o
 .debug_macro   0x0001f1b5      0x127 ./Core/Src/can.o
 .debug_macro   0x0001f2dc       0xe8 ./Core/Src/can.o
 .debug_macro   0x0001f3c4       0x89 ./Core/Src/can.o
 .debug_macro   0x0001f44d      0x2aa ./Core/Src/can.o
 .debug_macro   0x0001f6f7      0x126 ./Core/Src/can.o
 .debug_macro   0x0001f81d       0x58 ./Core/Src/can.o
 .debug_macro   0x0001f875      0x1f6 ./Core/Src/gpio.o
 .debug_macro   0x0001fa6b      0x1f6 ./Core/Src/i2c.o
 .debug_macro   0x0001fc61      0x2f0 ./Core/Src/main.o
 .debug_macro   0x0001ff51       0x61 ./Core/Src/main.o
 .debug_macro   0x0001ffb2       0x2a ./Core/Src/main.o
 .debug_macro   0x0001ffdc       0x43 ./Core/Src/main.o
 .debug_macro   0x0002001f       0x34 ./Core/Src/main.o
 .debug_macro   0x00020053       0x16 ./Core/Src/main.o
 .debug_macro   0x00020069       0x35 ./Core/Src/main.o
 .debug_macro   0x0002009e      0x369 ./Core/Src/main.o
 .debug_macro   0x00020407       0x10 ./Core/Src/main.o
 .debug_macro   0x00020417       0x16 ./Core/Src/main.o
 .debug_macro   0x0002042d       0x43 ./Core/Src/main.o
 .debug_macro   0x00020470       0x34 ./Core/Src/main.o
 .debug_macro   0x000204a4       0x10 ./Core/Src/main.o
 .debug_macro   0x000204b4       0x58 ./Core/Src/main.o
 .debug_macro   0x0002050c       0x8e ./Core/Src/main.o
 .debug_macro   0x0002059a       0x1c ./Core/Src/main.o
 .debug_macro   0x000205b6      0x177 ./Core/Src/main.o
 .debug_macro   0x0002072d       0x16 ./Core/Src/main.o
 .debug_macro   0x00020743       0x16 ./Core/Src/main.o
 .debug_macro   0x00020759      0x146 ./Core/Src/main.o
 .debug_macro   0x0002089f      0x1f2 ./Core/Src/stm32f4xx_hal_msp.o
 .debug_macro   0x00020a91      0x1f6 ./Core/Src/stm32f4xx_it.o
 .debug_macro   0x00020c87      0x274 ./Core/Src/syscalls.o
 .debug_macro   0x00020efb       0x5b ./Core/Src/syscalls.o
 .debug_macro   0x00020f56       0x94 ./Core/Src/syscalls.o
 .debug_macro   0x00020fea       0x57 ./Core/Src/syscalls.o
 .debug_macro   0x00021041       0x10 ./Core/Src/syscalls.o
 .debug_macro   0x00021051       0x10 ./Core/Src/syscalls.o
 .debug_macro   0x00021061       0x10 ./Core/Src/syscalls.o
 .debug_macro   0x00021071       0x10 ./Core/Src/syscalls.o
 .debug_macro   0x00021081       0x1c ./Core/Src/syscalls.o
 .debug_macro   0x0002109d       0x52 ./Core/Src/syscalls.o
 .debug_macro   0x000210ef       0x22 ./Core/Src/syscalls.o
 .debug_macro   0x00021111       0x10 ./Core/Src/syscalls.o
 .debug_macro   0x00021121       0x52 ./Core/Src/syscalls.o
 .debug_macro   0x00021173       0xcf ./Core/Src/syscalls.o
 .debug_macro   0x00021242       0x1c ./Core/Src/syscalls.o
 .debug_macro   0x0002125e       0x3d ./Core/Src/syscalls.o
 .debug_macro   0x0002129b       0x35 ./Core/Src/syscalls.o
 .debug_macro   0x000212d0      0x12c ./Core/Src/syscalls.o
 .debug_macro   0x000213fc       0x16 ./Core/Src/syscalls.o
 .debug_macro   0x00021412       0x16 ./Core/Src/syscalls.o
 .debug_macro   0x00021428       0x29 ./Core/Src/syscalls.o
 .debug_macro   0x00021451       0x10 ./Core/Src/syscalls.o
 .debug_macro   0x00021461      0x242 ./Core/Src/syscalls.o
 .debug_macro   0x000216a3       0x1c ./Core/Src/syscalls.o
 .debug_macro   0x000216bf       0x10 ./Core/Src/syscalls.o
 .debug_macro   0x000216cf      0x18a ./Core/Src/syscalls.o
 .debug_macro   0x00021859       0x16 ./Core/Src/syscalls.o
 .debug_macro   0x0002186f       0xce ./Core/Src/syscalls.o
 .debug_macro   0x0002193d       0xff ./Core/Src/sysmem.o
 .debug_macro   0x00021a3c      0x23c ./Core/Src/sysmem.o
 .debug_macro   0x00021c78      0x1dd ./Core/Src/system_stm32f4xx.o
 .debug_macro   0x00021e55      0x1f6 ./Core/Src/usart.o
 .debug_macro   0x0002204b      0x23d ./Drivers/STM32F4xx_HAL_Driver/Src/stm32f4xx_hal.o
 .debug_macro   0x00022288      0x1ec ./Drivers/STM32F4xx_HAL_Driver/Src/stm32f4xx_hal_can.o
 .debug_macro   0x00022474      0x1dd ./Drivers/STM32F4xx_HAL_Driver/Src/stm32f4xx_hal_cortex.o
 .debug_macro   0x00022651      0x1e3 ./Drivers/STM32F4xx_HAL_Driver/Src/stm32f4xx_hal_dma.o
 .debug_macro   0x00022834      0x1e3 ./Drivers/STM32F4xx_HAL_Driver/Src/stm32f4xx_hal_gpio.o
 .debug_macro   0x00022a17      0x22b ./Drivers/STM32F4xx_HAL_Driver/Src/stm32f4xx_hal_i2c.o
 .debug_macro   0x00022c42      0x201 ./Drivers/STM32F4xx_HAL_Driver/Src/stm32f4xx_hal_rcc.o
 .debug_macro   0x00022e43      0x1dd ./Drivers/STM32F4xx_HAL_Driver/Src/stm32f4xx_hal_rcc_ex.o
 .debug_macro   0x00023020      0x1de ./Drivers/STM32F4xx_HAL_Driver/Src/stm32f4xx_hal_uart.o

.debug_line     0x00000000    0x11455
 .debug_line    0x00000000      0x76a ./Core/Src/can.o
 .debug_line    0x0000076a      0x714 ./Core/Src/gpio.o
 .debug_line    0x00000e7e      0x764 ./Core/Src/i2c.o
 .debug_line    0x000015e2      0x9ef ./Core/Src/main.o
 .debug_line    0x00001fd1      0x717 ./Core/Src/stm32f4xx_hal_msp.o
 .debug_line    0x000026e8      0x7d5 ./Core/Src/stm32f4xx_it.o
 .debug_line    0x00002ebd      0x84b ./Core/Src/syscalls.o
 .debug_line    0x00003708      0x51c ./Core/Src/sysmem.o
 .debug_line    0x00003c24      0x77f ./Core/Src/system_stm32f4xx.o
 .debug_line    0x000043a3      0x7d1 ./Core/Src/usart.o
 .debug_line    0x00004b74       0x7a ./Core/Startup/startup_stm32f446retx.o
 .debug_line    0x00004bee      0x9e8 ./Drivers/STM32F4xx_HAL_Driver/Src/stm32f4xx_hal.o
 .debug_line    0x000055d6     0x1197 ./Drivers/STM32F4xx_HAL_Driver/Src/stm32f4xx_hal_can.o
 .debug_line    0x0000676d      0xcda ./Drivers/STM32F4xx_HAL_Driver/Src/stm32f4xx_hal_cortex.o
 .debug_line    0x00007447      0xf58 ./Drivers/STM32F4xx_HAL_Driver/Src/stm32f4xx_hal_dma.o
 .debug_line    0x0000839f      0xb60 ./Drivers/STM32F4xx_HAL_Driver/Src/stm32f4xx_hal_gpio.o
 .debug_line    0x00008eff     0x3b2e ./Drivers/STM32F4xx_HAL_Driver/Src/stm32f4xx_hal_i2c.o
 .debug_line    0x0000ca2d      0xd7f ./Drivers/STM32F4xx_HAL_Driver/Src/stm32f4xx_hal_rcc.o
 .debug_line    0x0000d7ac     0x13ef ./Drivers/STM32F4xx_HAL_Driver/Src/stm32f4xx_hal_rcc_ex.o
 .debug_line    0x0000eb9b     0x28ba ./Drivers/STM32F4xx_HAL_Driver/Src/stm32f4xx_hal_uart.o

.debug_str      0x00000000    0xcf643
 .debug_str     0x00000000    0xc633a ./Core/Src/can.o
                              0xc65ff (size before relaxing)
 .debug_str     0x000c633a       0x68 ./Core/Src/gpio.o
                              0xc6351 (size before relaxing)
 .debug_str     0x000c63a2      0x4cd ./Core/Src/i2c.o
                              0xc6885 (size before relaxing)
 .debug_str     0x000c686f     0x3960 ./Core/Src/main.o
                              0xca167 (size before relaxing)
 .debug_str     0x000ca1cf      0x26a ./Core/Src/stm32f4xx_hal_msp.o
                              0xc679b (size before relaxing)
 .debug_str     0x000ca439       0xf6 ./Core/Src/stm32f4xx_it.o
                              0xc6697 (size before relaxing)
 .debug_str     0x000ca52f     0x20b0 ./Core/Src/syscalls.o
                               0x98c0 (size before relaxing)
 .debug_str     0x000cc5df       0x6b ./Core/Src/sysmem.o
                               0x60d8 (size before relaxing)
 .debug_str     0x000cc64a       0xdb ./Core/Src/system_stm32f4xx.o
                              0xc6210 (size before relaxing)
 .debug_str     0x000cc725      0x599 ./Core/Src/usart.o
                              0xc6d9e (size before relaxing)
 .debug_str     0x000cccbe       0x44 ./Core/Startup/startup_stm32f446retx.o
                                 0x8b (size before relaxing)
 .debug_str     0x000ccd02      0x5eb ./Drivers/STM32F4xx_HAL_Driver/Src/stm32f4xx_hal.o
                              0xc6dd5 (size before relaxing)
 .debug_str     0x000cd2ed      0x59b ./Drivers/STM32F4xx_HAL_Driver/Src/stm32f4xx_hal_can.o
                              0xc68e5 (size before relaxing)
 .debug_str     0x000cd888      0x36b ./Drivers/STM32F4xx_HAL_Driver/Src/stm32f4xx_hal_cortex.o
                              0xc6b2c (size before relaxing)
 .debug_str     0x000cdbf3      0x322 ./Drivers/STM32F4xx_HAL_Driver/Src/stm32f4xx_hal_dma.o
                              0xc6605 (size before relaxing)
 .debug_str     0x000cdf15      0x121 ./Drivers/STM32F4xx_HAL_Driver/Src/stm32f4xx_hal_gpio.o
                              0xc638b (size before relaxing)
 .debug_str     0x000ce036      0xaef ./Drivers/STM32F4xx_HAL_Driver/Src/stm32f4xx_hal_i2c.o
                              0xc720e (size before relaxing)
 .debug_str     0x000ceb25      0x213 ./Drivers/STM32F4xx_HAL_Driver/Src/stm32f4xx_hal_rcc.o
                              0xc6649 (size before relaxing)
 .debug_str     0x000ced38      0x324 ./Drivers/STM32F4xx_HAL_Driver/Src/stm32f4xx_hal_rcc_ex.o
                              0xc667c (size before relaxing)
 .debug_str     0x000cf05c      0x5e7 ./Drivers/STM32F4xx_HAL_Driver/Src/stm32f4xx_hal_uart.o
                              0xc6c00 (size before relaxing)

.comment        0x00000000       0x43
 .comment       0x00000000       0x43 ./Core/Src/can.o
                                 0x44 (size before relaxing)
 .comment       0x00000043       0x44 ./Core/Src/gpio.o
 .comment       0x00000043       0x44 ./Core/Src/i2c.o
 .comment       0x00000043       0x44 ./Core/Src/main.o
 .comment       0x00000043       0x44 ./Core/Src/stm32f4xx_hal_msp.o
 .comment       0x00000043       0x44 ./Core/Src/stm32f4xx_it.o
 .comment       0x00000043       0x44 ./Core/Src/syscalls.o
 .comment       0x00000043       0x44 ./Core/Src/sysmem.o
 .comment       0x00000043       0x44 ./Core/Src/system_stm32f4xx.o
 .comment       0x00000043       0x44 ./Core/Src/usart.o
 .comment       0x00000043       0x44 ./Drivers/STM32F4xx_HAL_Driver/Src/stm32f4xx_hal.o
 .comment       0x00000043       0x44 ./Drivers/STM32F4xx_HAL_Driver/Src/stm32f4xx_hal_can.o
 .comment       0x00000043       0x44 ./Drivers/STM32F4xx_HAL_Driver/Src/stm32f4xx_hal_cortex.o
 .comment       0x00000043       0x44 ./Drivers/STM32F4xx_HAL_Driver/Src/stm32f4xx_hal_dma.o
 .comment       0x00000043       0x44 ./Drivers/STM32F4xx_HAL_Driver/Src/stm32f4xx_hal_gpio.o
 .comment       0x00000043       0x44 ./Drivers/STM32F4xx_HAL_Driver/Src/stm32f4xx_hal_i2c.o
 .comment       0x00000043       0x44 ./Drivers/STM32F4xx_HAL_Driver/Src/stm32f4xx_hal_rcc.o
 .comment       0x00000043       0x44 ./Drivers/STM32F4xx_HAL_Driver/Src/stm32f4xx_hal_rcc_ex.o
 .comment       0x00000043       0x44 ./Drivers/STM32F4xx_HAL_Driver/Src/stm32f4xx_hal_uart.o

.debug_frame    0x00000000     0x3aa4
 .debug_frame   0x00000000       0x74 ./Core/Src/can.o
 .debug_frame   0x00000074       0x34 ./Core/Src/gpio.o
 .debug_frame   0x000000a8       0x74 ./Core/Src/i2c.o
 .debug_frame   0x0000011c       0x6c ./Core/Src/main.o
 .debug_frame   0x00000188       0x58 ./Core/Src/stm32f4xx_hal_msp.o
 .debug_frame   0x000001e0      0x120 ./Core/Src/stm32f4xx_it.o
 .debug_frame   0x00000300      0x2ac ./Core/Src/syscalls.o
 .debug_frame   0x000005ac       0x34 ./Core/Src/sysmem.o
 .debug_frame   0x000005e0       0x58 ./Core/Src/system_stm32f4xx.o
 .debug_frame   0x00000638       0x90 ./Core/Src/usart.o
 .debug_frame   0x000006c8      0x374 ./Drivers/STM32F4xx_HAL_Driver/Src/stm32f4xx_hal.o
 .debug_frame   0x00000a3c      0x5a0 ./Drivers/STM32F4xx_HAL_Driver/Src/stm32f4xx_hal_can.o
 .debug_frame   0x00000fdc      0x508 ./Drivers/STM32F4xx_HAL_Driver/Src/stm32f4xx_hal_cortex.o
 .debug_frame   0x000014e4      0x250 ./Drivers/STM32F4xx_HAL_Driver/Src/stm32f4xx_hal_dma.o
 .debug_frame   0x00001734      0x14c ./Drivers/STM32F4xx_HAL_Driver/Src/stm32f4xx_hal_gpio.o
 .debug_frame   0x00001880      0xc84 ./Drivers/STM32F4xx_HAL_Driver/Src/stm32f4xx_hal_i2c.o
 .debug_frame   0x00002504      0x1f4 ./Drivers/STM32F4xx_HAL_Driver/Src/stm32f4xx_hal_rcc.o
 .debug_frame   0x000026f8      0x1e8 ./Drivers/STM32F4xx_HAL_Driver/Src/stm32f4xx_hal_rcc_ex.o
 .debug_frame   0x000028e0      0x954 ./Drivers/STM32F4xx_HAL_Driver/Src/stm32f4xx_hal_uart.o
 .debug_frame   0x00003234      0x144 /Applications/STM32CubeIDE.app/Contents/Eclipse/plugins/com.st.stm32cube.ide.mcu.externaltools.gnu-tools-for-stm32.12.3.rel1.macos64_1.0.200.202406191456/tools/bin/../lib/gcc/arm-none-eabi/12.3.1/../../../../arm-none-eabi/lib/thumb/v7e-m+fp/hard/libc_nano.a(libc_a-findfp.o)
 .debug_frame   0x00003378       0x34 /Applications/STM32CubeIDE.app/Contents/Eclipse/plugins/com.st.stm32cube.ide.mcu.externaltools.gnu-tools-for-stm32.12.3.rel1.macos64_1.0.200.202406191456/tools/bin/../lib/gcc/arm-none-eabi/12.3.1/../../../../arm-none-eabi/lib/thumb/v7e-m+fp/hard/libc_nano.a(libc_a-fwalk.o)
 .debug_frame   0x000033ac       0x6c /Applications/STM32CubeIDE.app/Contents/Eclipse/plugins/com.st.stm32cube.ide.mcu.externaltools.gnu-tools-for-stm32.12.3.rel1.macos64_1.0.200.202406191456/tools/bin/../lib/gcc/arm-none-eabi/12.3.1/../../../../arm-none-eabi/lib/thumb/v7e-m+fp/hard/libc_nano.a(libc_a-printf.o)
 .debug_frame   0x00003418       0x3c /Applications/STM32CubeIDE.app/Contents/Eclipse/plugins/com.st.stm32cube.ide.mcu.externaltools.gnu-tools-for-stm32.12.3.rel1.macos64_1.0.200.202406191456/tools/bin/../lib/gcc/arm-none-eabi/12.3.1/../../../../arm-none-eabi/lib/thumb/v7e-m+fp/hard/libc_nano.a(libc_a-puts.o)
 .debug_frame   0x00003454       0x20 /Applications/STM32CubeIDE.app/Contents/Eclipse/plugins/com.st.stm32cube.ide.mcu.externaltools.gnu-tools-for-stm32.12.3.rel1.macos64_1.0.200.202406191456/tools/bin/../lib/gcc/arm-none-eabi/12.3.1/../../../../arm-none-eabi/lib/thumb/v7e-m+fp/hard/libc_nano.a(libc_a-memset.o)
 .debug_frame   0x00003474       0x20 /Applications/STM32CubeIDE.app/Contents/Eclipse/plugins/com.st.stm32cube.ide.mcu.externaltools.gnu-tools-for-stm32.12.3.rel1.macos64_1.0.200.202406191456/tools/bin/../lib/gcc/arm-none-eabi/12.3.1/../../../../arm-none-eabi/lib/thumb/v7e-m+fp/hard/libc_nano.a(libc_a-errno.o)
 .debug_frame   0x00003494       0x2c /Applications/STM32CubeIDE.app/Contents/Eclipse/plugins/com.st.stm32cube.ide.mcu.externaltools.gnu-tools-for-stm32.12.3.rel1.macos64_1.0.200.202406191456/tools/bin/../lib/gcc/arm-none-eabi/12.3.1/../../../../arm-none-eabi/lib/thumb/v7e-m+fp/hard/libc_nano.a(libc_a-init.o)
 .debug_frame   0x000034c0       0xb0 /Applications/STM32CubeIDE.app/Contents/Eclipse/plugins/com.st.stm32cube.ide.mcu.externaltools.gnu-tools-for-stm32.12.3.rel1.macos64_1.0.200.202406191456/tools/bin/../lib/gcc/arm-none-eabi/12.3.1/../../../../arm-none-eabi/lib/thumb/v7e-m+fp/hard/libc_nano.a(libc_a-lock.o)
 .debug_frame   0x00003570       0xa8 /Applications/STM32CubeIDE.app/Contents/Eclipse/plugins/com.st.stm32cube.ide.mcu.externaltools.gnu-tools-for-stm32.12.3.rel1.macos64_1.0.200.202406191456/tools/bin/../lib/gcc/arm-none-eabi/12.3.1/../../../../arm-none-eabi/lib/thumb/v7e-m+fp/hard/libc_nano.a(libc_a-nano-vfprintf.o)
 .debug_frame   0x00003618       0x50 /Applications/STM32CubeIDE.app/Contents/Eclipse/plugins/com.st.stm32cube.ide.mcu.externaltools.gnu-tools-for-stm32.12.3.rel1.macos64_1.0.200.202406191456/tools/bin/../lib/gcc/arm-none-eabi/12.3.1/../../../../arm-none-eabi/lib/thumb/v7e-m+fp/hard/libc_nano.a(libc_a-mallocr.o)
 .debug_frame   0x00003668       0x60 /Applications/STM32CubeIDE.app/Contents/Eclipse/plugins/com.st.stm32cube.ide.mcu.externaltools.gnu-tools-for-stm32.12.3.rel1.macos64_1.0.200.202406191456/tools/bin/../lib/gcc/arm-none-eabi/12.3.1/../../../../arm-none-eabi/lib/thumb/v7e-m+fp/hard/libc_nano.a(libc_a-nano-vfprintf_i.o)
 .debug_frame   0x000036c8       0x5c /Applications/STM32CubeIDE.app/Contents/Eclipse/plugins/com.st.stm32cube.ide.mcu.externaltools.gnu-tools-for-stm32.12.3.rel1.macos64_1.0.200.202406191456/tools/bin/../lib/gcc/arm-none-eabi/12.3.1/../../../../arm-none-eabi/lib/thumb/v7e-m+fp/hard/libc_nano.a(libc_a-fflush.o)